Microchip MPLAB XC8 Compiler V2.31

Linker command line:

-W-3 --edf=C:\Program Files\Microchip\xc8\v2.31\pic\dat\en_msgs.txt -cn \
  -h+dist/default/production\SICCV.X.production.sym \
  --cmf=dist/default/production\SICCV.X.production.cmf -z -Q18F4550 \
  -oC:\Users\Emmanuel\AppData\Local\Temp\samk.2 --defsym=__MPLAB_BUILD=1 \
  -Mdist/default/production/SICCV.X.production.map -E1 -ver=XC8 Compiler \
  --acfsm=1493 -ASTACK=0D1h-07FFh -pstack=STACK -ACODE=00h-07FFFh \
  -ACONST=00h-07FFFh -ASMALLCONST=0800h-08FFhx120 \
  -AMEDIUMCONST=0800h-07FFFh -ACOMRAM=01h-05Fh -AABS1=00h-07FFh \
  -ABIGRAM=01h-07FFh -ARAM=060h-0FFh,0100h-01FFhx7 -ABANK0=060h-0FFh \
  -ABANK1=0100h-01FFh -ABANK2=0200h-02FFh -ABANK3=0300h-03FFh \
  -ABANK4=0400h-04FFh -ABANK5=0500h-05FFh -ABANK6=0600h-06FFh \
  -ABANK7=0700h-07FFh -ASFR=0F60h-0FFFh -ACONFIG=0300000h-030000Dh \
  -AIDLOC=0200000h-0200007h -AEEDATA=0F00000h-0F000FFh -peeprom_data=EEDATA \
  -preset_vec=00h,intcode=08h,intcodelo=018h,powerup,init -pramtop=0800h \
  -psmallconst=SMALLCONST -pmediumconst=MEDIUMCONST -pconst=CONST \
  -AFARRAM=00h-00h \
  -prdata=COMRAM,nvrram=COMRAM,nvbit=COMRAM,rbss=COMRAM,rbit=COMRAM \
  -pfarbss=FARRAM,fardata=FARRAM,nvFARRAM=FARRAM \
  -pintsave_regs=BIGRAM,bigbss=BIGRAM,bigdata=BIGRAM -pbss=RAM \
  -pidata=CODE,irdata=CODE,ibigdata=CODE,ifardata=CODE -prparam=COMRAM \
  C:\Users\Emmanuel\AppData\Local\Temp\samk.o \
  dist/default/production\SICCV.X.production.o 

Object code version is 3.11

Machine type is 18F4550



                Name                               Link     Load   Length Selector   Space Scale
C:\Users\Emmanuel\AppData\Local\Temp\samk.o
                idloc                            200000   200000        8        0       5
                config                           300000   300000        E        0       4
                init                                 AA       AA        4        C       0
                reset_vec                             0        0        4        0       0
dist/default/production\SICCV.X.production.o
                intcodelo                            18       18       92        C       0
                intcode                               8        8        6        4       0
                idloc                            200000   200000        8        0       5
                config                           300000   300000        E        0       4
                temp                                 5C       5C        1        1       1
                smallconst                          800      800       3E      400       0
                intcode_body                       309C     309C        6     182E       0
                text41                             233A     233A      14E      41F       0
                text40                             25CC     25CC      12A      41F       0
                text39                             27FC     27FC       CC      41F       0
                text38                             3088     3088        C     182E       0
                text37                             30A2     30A2        4     182E       0
                text36                             2060     2060      176      41F       0
                text35                             301C     301C       26      41F       0
                text34                             2F50     2F50       38      41F       0
                text33                             2D6E     2D6E       52      41F       0
                text32                             1BD2     1BD2      190      41F       0
                text31                             1D62     1D62      188      41F       0
                text30                             21D6     21D6      164      41F       0
                text29                             2ED4     2ED4       40      41F       0
                text28                             30A6     30A6        2     182E       0
                text27                             28C8     28C8       CA      41F       0
                text26                             2E4E     2E4E       44      41F       0
                text25                             2FBE     2FBE       36      41F       0
                text24                             2992     2992       C2      41F       0
                text23                             136E     136E      2DE      41F       0
                text22                             1002     1002      36C      41F       0
                text21                             2CBA     2CBA       62      41F       0
                text20                             2D1C     2D1C       52      41F       0
                text19                             164C     164C      1EA      41F       0
                text18                             2DC0     2DC0       48      41F       0
                text17                             3094     3094        8     182E       0
                text16                             2A54     2A54       C0      41F       0
                text15                             2BC4     2BC4       84      41F       0
                text14                             3074     3074       14     182E       0
                text13                             305C     305C       18     182E       0
                text12                             2B14     2B14       B0      41F       0
                text11                              C68      C68      39A      41F       0
                text10                              83E      83E      42A      41F       0
                text9                              26F6     26F6      106      41F       0
                text8                              1A1E     1A1E      1B4      41F       0
                text7                              2F14     2F14       3C      41F       0
                text6                              2488     2488      144      41F       0
                text5                              1836     1836      1E8      41F       0
                text4                              2E08     2E08       46      41F       0
                text3                              2F88     2F88       36      41F       0
                text2                              2FF4     2FF4       28      41F       0
                text1                              1EEA     1EEA      176      41F       0
                text0                              2C48     2C48       72      41F       0
                cstackCOMRAM                          1        1       57        1       1
                cstackBANK0                          60       60       2E       60       1
                dataBANK0                            B8       B8       19       60       1
                bssBANK0                             8E       8E       2A       60       1
                bssCOMRAM                            58       58        4        1       1
                cinit                              2E92     2E92       42      41F       0
                idataBANK0                         3042     3042       19      41F       0

TOTAL           Name                               Link     Load   Length     Space
        CLASS   STACK          

        CLASS   CODE           
                intcodelo                            18       18       92         0
                intcode                               8        8        6         0
                init                                 AA       AA        4         0
                reset_vec                             0        0        4         0
                intcode_body                       309C     309C        6         0
                text41                             233A     233A      14E         0
                text40                             25CC     25CC      12A         0
                text39                             27FC     27FC       CC         0
                text38                             3088     3088        C         0
                text37                             30A2     30A2        4         0
                text36                             2060     2060      176         0
                text35                             301C     301C       26         0
                text34                             2F50     2F50       38         0
                text33                             2D6E     2D6E       52         0
                text32                             1BD2     1BD2      190         0
                text31                             1D62     1D62      188         0
                text30                             21D6     21D6      164         0
                text29                             2ED4     2ED4       40         0
                text28                             30A6     30A6        2         0
                text27                             28C8     28C8       CA         0
                text26                             2E4E     2E4E       44         0
                text25                             2FBE     2FBE       36         0
                text24                             2992     2992       C2         0
                text23                             136E     136E      2DE         0
                text22                             1002     1002      36C         0
                text21                             2CBA     2CBA       62         0
                text20                             2D1C     2D1C       52         0
                text19                             164C     164C      1EA         0
                text18                             2DC0     2DC0       48         0
                text17                             3094     3094        8         0
                text16                             2A54     2A54       C0         0
                text15                             2BC4     2BC4       84         0
                text14                             3074     3074       14         0
                text13                             305C     305C       18         0
                text12                             2B14     2B14       B0         0
                text11                              C68      C68      39A         0
                text10                              83E      83E      42A         0
                text9                              26F6     26F6      106         0
                text8                              1A1E     1A1E      1B4         0
                text7                              2F14     2F14       3C         0
                text6                              2488     2488      144         0
                text5                              1836     1836      1E8         0
                text4                              2E08     2E08       46         0
                text3                              2F88     2F88       36         0
                text2                              2FF4     2FF4       28         0
                text1                              1EEA     1EEA      176         0
                text0                              2C48     2C48       72         0
                cinit                              2E92     2E92       42         0
                idataBANK0                         3042     3042       19         0

        CLASS   CONST          

        CLASS   SMALLCONST     
                smallconst                          800      800       3E         0

        CLASS   MEDIUMCONST    

        CLASS   COMRAM         
                temp                                 5C       5C        1         1
                cstackCOMRAM                          1        1       57         1
                bssCOMRAM                            58       58        4         1

        CLASS   ABS1           

        CLASS   BIGRAM         

        CLASS   RAM            

        CLASS   BANK0          
                cstackBANK0                          60       60       2E         1
                dataBANK0                            B8       B8       19         1
                bssBANK0                             8E       8E       2A         1

        CLASS   BANK1          

        CLASS   BANK2          

        CLASS   BANK3          

        CLASS   BANK4          

        CLASS   BANK5          

        CLASS   BANK6          

        CLASS   BANK7          

        CLASS   SFR            

        CLASS   CONFIG         
                config                           300000   300000        E         4

        CLASS   IDLOC          
                idloc                            200000   200000        8         5

        CLASS   EEDATA         

        CLASS   FARRAM         



SEGMENTS        Name                           Load    Length   Top    Selector   Space  Class

                reset_vec                      000000  000004  000004         0       0  CODE    
                cstackCOMRAM                   000001  00005C  00005D         1       1  COMRAM  
                intcode                        000008  000006  00000E         4       0  CODE    
                intcodelo                      000018  000096  0000AE         C       0  CODE    
                cstackBANK0                    000060  000071  0000D1        60       1  BANK0   
                smallconst                     000800  00003E  00083E       400       0  SMALLCON
                text10                         00083E  00281D  00305B       41F       0  CODE    
                text13                         00305C  00004C  0030A8      182E       0  CODE    


UNUSED ADDRESS RANGES

        Name                Unused          Largest block    Delta
        BANK0            0000D1-0000FF               2F
        BANK1            000100-0001FF              100
        BANK2            000200-0002FF              100
        BANK3            000300-0003FF              100
        BANK4            000400-0004FF              100
        BANK5            000500-0005FF              100
        BANK6            000600-0006FF              100
        BANK7            000700-0007FF              100
        BIGRAM           00005D-00005F                3
                         0000D1-0007FF              72F
        CODE             000004-000007                4
                         00000E-000017                A
                         0000AE-0007FF              752
                         00305B-00305B                1
                         0030A8-007FFF             4F58
        COMRAM           00005D-00005F                3
        CONST            000004-000007                4
                         00000E-000017                A
                         0000AE-0007FF              752
                         00305B-00305B                1
                         0030A8-007FFF             4F58
        EEDATA           F00000-F000FF              100
        MEDIUMCONST      00305B-00305B                1
                         0030A8-007FFF             4F58
        RAM              0000D1-0007FF              100
        SFR              000F60-000FFF               A0
        SMALLCONST       00305B-00305B                1
                         0030A8-007FFF              100
        STACK            0000D1-0007FF              72F

                                  Symbol Table

?___aodiv                      cstackCOMRAM 000004
?___aomod                      cstackCOMRAM 000004
?___awmod                      cstackCOMRAM 000052
?___fldiv                      cstackCOMRAM 00002F
?___flmul                      cstackCOMRAM 000016
?___fltol                      cstackCOMRAM 000048
?___wmul                       cstackCOMRAM 000004
?___xxtofl                     cstackCOMRAM 000008
?_abs                          cstackCOMRAM 000016
?_adcGetValue                  cstackCOMRAM 000004
?_atoi                         cstackCOMRAM 00000B
?_dtoa                         cstackCOMRAM 00001F
?_isdigit                      cstackCOMRAM 000004
?_isspace                      cstackCOMRAM 000004
?_pad                          cstackCOMRAM 000014
?_sprintf                      cstackBANK0  000072
?_strlen                       cstackCOMRAM 000004
?_vfpfcnvrt                    cstackCOMRAM 000043
?_vfprintf                     cstackBANK0  00006C
Lcd_Chr_CP@data                cstackCOMRAM 000006
Lcd_Cmd@data                   cstackCOMRAM 000006
Lcd_Init@i                     cstackCOMRAM 000008
Lcd_Out@buffer                 cstackCOMRAM 000008
Lcd_Out@data                   cstackCOMRAM 00000D
Lcd_Out@x                      cstackCOMRAM 000007
Lcd_Out@y                      cstackCOMRAM 00000C
_ADCON0bits                    (abs)        000FC2
_ADCON1bits                    (abs)        000FC1
_ADCON2bits                    (abs)        000FC0
_ADRES                         (abs)        000FC3
_GO_nDONE                      (abs)        007E11
_INTCON2bits                   (abs)        000FF1
_INTCONbits                    (abs)        000FF2
_IPR2bits                      (abs)        000FA2
_LATAbits                      (abs)        000F89
_LATBbits                      (abs)        000F8A
_LATDbits                      (abs)        000F8C
_Lcd_Chr_CP                    text41       00233A
_Lcd_Cmd                       text40       0025CC
_Lcd_Init                      text16       002A54
_Lcd_Out                       text39       0027FC
_PIE2bits                      (abs)        000FA0
_PIR1bits                      (abs)        000F9E
_PIR2bits                      (abs)        000FA1
_PORTB                         (abs)        000F81
_PORTBbits                     (abs)        000F81
_PR2                           (abs)        000FCB
_RCONbits                      (abs)        000FD0
_T2CONbits                     (abs)        000FCA
_T3CONbits                     (abs)        000FB1
_TMR2                          (abs)        000FCC
_TMR3                          (abs)        000FB2
_TMR3IE                        (abs)        007D01
_TMR3IF                        (abs)        007D09
_TRISAbits                     (abs)        000F92
_TRISB                         (abs)        000F93
_TRISBbits                     (abs)        000F93
_TRISDbits                     (abs)        000F95
__HRAM                         (abs)        000000
__Habs1                        abs1         000000
__Hbank0                       bank0        000000
__Hbank1                       bank1        000000
__Hbank2                       bank2        000000
__Hbank3                       bank3        000000
__Hbank4                       bank4        000000
__Hbank5                       bank5        000000
__Hbank6                       bank6        000000
__Hbank7                       bank7        000000
__Hbigbss                      bigbss       000000
__Hbigdata                     bigdata      000000
__Hbigram                      bigram       000000
__Hbss                         bss          000000
__HbssBANK0                    bssBANK0     000000
__HbssCOMRAM                   bssCOMRAM    000000
__Hcinit                       cinit        000000
__Hclrtext                     clrtext      000000
__Hcomram                      comram       000000
__Hconfig                      config       30000E
__Hconst                       const        000000
__HcstackBANK0                 cstackBANK0  000000
__HcstackCOMRAM                cstackCOMRAM 000000
__Hdata                        data         000000
__HdataBANK0                   dataBANK0    000000
__Heeprom_data                 eeprom_data  000000
__Hfarbss                      farbss       000000
__Hfardata                     fardata      000000
__Hibigdata                    ibigdata     000000
__Hidata                       idata        000000
__HidataBANK0                  idataBANK0   000000
__Hidloc                       idloc        200008
__Hifardata                    ifardata     000000
__Hinit                        init         0000AE
__Hintcode                     intcode      00000E
__Hintcode_body                intcode_body 000000
__Hintcodelo                   intcodelo    0000AA
__Hintentry                    intentry     000000
__Hintret                      intret       000000
__Hintsave_regs                intsave_regs 000000
__Hirdata                      irdata       000000
__Hmediumconst                 mediumconst  000000
__HnvFARRAM                    nvFARRAM     000000
__Hnvbit                       nvbit        000000
__Hnvrram                      nvrram       000000
__Hparam                       rparam       000000
__Hpowerup                     powerup      0000AA
__Hram                         ram          000000
__Hramtop                      ramtop       000800
__Hrbit                        rbit         000000
__Hrbss                        rbss         000000
__Hrdata                       rdata        000000
__Hreset_vec                   reset_vec    000004
__Hrparam                      rparam       000000
__Hsfr                         sfr          000000
__Hsmallconst                  smallconst   00083E
__Hspace_0                     (abs)        0030A8
__Hspace_1                     (abs)        0000D1
__Hspace_2                     (abs)        000000
__Hspace_4                     (abs)        60000E
__Hstack                       stack        000000
__Hstruct                      struct       000000
__Htemp                        temp         00005D
__Htext                        text         000000
__Htext0                       text0        000000
__Htext1                       text1        000000
__Htext10                      text10       000000
__Htext11                      text11       000000
__Htext12                      text12       000000
__Htext13                      text13       000000
__Htext14                      text14       000000
__Htext15                      text15       000000
__Htext16                      text16       000000
__Htext17                      text17       000000
__Htext18                      text18       000000
__Htext19                      text19       000000
__Htext2                       text2        000000
__Htext20                      text20       000000
__Htext21                      text21       000000
__Htext22                      text22       000000
__Htext23                      text23       000000
__Htext24                      text24       000000
__Htext25                      text25       000000
__Htext26                      text26       000000
__Htext27                      text27       000000
__Htext28                      text28       000000
__Htext29                      text29       000000
__Htext3                       text3        000000
__Htext30                      text30       000000
__Htext31                      text31       000000
__Htext32                      text32       000000
__Htext33                      text33       000000
__Htext34                      text34       000000
__Htext35                      text35       000000
__Htext36                      text36       000000
__Htext37                      text37       000000
__Htext38                      text38       000000
__Htext39                      text39       000000
__Htext4                       text4        000000
__Htext40                      text40       000000
__Htext41                      text41       000000
__Htext5                       text5        000000
__Htext6                       text6        000000
__Htext7                       text7        000000
__Htext8                       text8        000000
__Htext9                       text9        000000
__LRAM                         (abs)        000001
__Labs1                        abs1         000000
__Lbank0                       bank0        000000
__Lbank1                       bank1        000000
__Lbank2                       bank2        000000
__Lbank3                       bank3        000000
__Lbank4                       bank4        000000
__Lbank5                       bank5        000000
__Lbank6                       bank6        000000
__Lbank7                       bank7        000000
__Lbigbss                      bigbss       000000
__Lbigdata                     bigdata      000000
__Lbigram                      bigram       000000
__Lbss                         bss          000000
__LbssBANK0                    bssBANK0     000000
__LbssCOMRAM                   bssCOMRAM    000000
__Lcinit                       cinit        000000
__Lclrtext                     clrtext      000000
__Lcomram                      comram       000000
__Lconfig                      config       000000
__Lconst                       const        000000
__LcstackBANK0                 cstackBANK0  000000
__LcstackCOMRAM                cstackCOMRAM 000000
__Ldata                        data         000000
__LdataBANK0                   dataBANK0    000000
__Leeprom_data                 eeprom_data  000000
__Lfarbss                      farbss       000000
__Lfardata                     fardata      000000
__Libigdata                    ibigdata     000000
__Lidata                       idata        000000
__LidataBANK0                  idataBANK0   000000
__Lidloc                       idloc        000000
__Lifardata                    ifardata     000000
__Linit                        init         0000AA
__Lintcode                     intcode      000008
__Lintcode_body                intcode_body 000000
__Lintcodelo                   intcodelo    000018
__Lintentry                    intentry     000000
__Lintret                      intret       000000
__Lintsave_regs                intsave_regs 000000
__Lirdata                      irdata       000000
__Lmediumconst                 mediumconst  000000
__LnvFARRAM                    nvFARRAM     000000
__Lnvbit                       nvbit        000000
__Lnvrram                      nvrram       000000
__Lparam                       rparam       000000
__Lpowerup                     powerup      0000AA
__Lram                         ram          000000
__Lramtop                      ramtop       000800
__Lrbit                        rbit         000000
__Lrbss                        rbss         000000
__Lrdata                       rdata        000000
__Lreset_vec                   reset_vec    000000
__Lrparam                      rparam       000000
__Lsfr                         sfr          000000
__Lsmallconst                  smallconst   000800
__Lspace_0                     (abs)        000000
__Lspace_1                     (abs)        000000
__Lspace_2                     (abs)        000000
__Lspace_4                     (abs)        000000
__Lstack                       stack        000000
__Lstruct                      struct       000000
__Ltemp                        temp         00005C
__Ltext                        text         000000
__Ltext0                       text0        000000
__Ltext1                       text1        000000
__Ltext10                      text10       000000
__Ltext11                      text11       000000
__Ltext12                      text12       000000
__Ltext13                      text13       000000
__Ltext14                      text14       000000
__Ltext15                      text15       000000
__Ltext16                      text16       000000
__Ltext17                      text17       000000
__Ltext18                      text18       000000
__Ltext19                      text19       000000
__Ltext2                       text2        000000
__Ltext20                      text20       000000
__Ltext21                      text21       000000
__Ltext22                      text22       000000
__Ltext23                      text23       000000
__Ltext24                      text24       000000
__Ltext25                      text25       000000
__Ltext26                      text26       000000
__Ltext27                      text27       000000
__Ltext28                      text28       000000
__Ltext29                      text29       000000
__Ltext3                       text3        000000
__Ltext30                      text30       000000
__Ltext31                      text31       000000
__Ltext32                      text32       000000
__Ltext33                      text33       000000
__Ltext34                      text34       000000
__Ltext35                      text35       000000
__Ltext36                      text36       000000
__Ltext37                      text37       000000
__Ltext38                      text38       000000
__Ltext39                      text39       000000
__Ltext4                       text4        000000
__Ltext40                      text40       000000
__Ltext41                      text41       000000
__Ltext5                       text5        000000
__Ltext6                       text6        000000
__Ltext7                       text7        000000
__Ltext8                       text8        000000
__Ltext9                       text9        000000
__S0                           (abs)        0030A8
__S1                           (abs)        0000D1
__S2                           (abs)        000000
__S4                           (abs)        000000
__S5                           (abs)        000000
___aodiv                       text31       001D62
___aodiv@counter               cstackCOMRAM 000014
___aodiv@dividend              cstackCOMRAM 000004
___aodiv@divisor               cstackCOMRAM 00000C
___aodiv@quotient              cstackCOMRAM 000016
___aodiv@sign                  cstackCOMRAM 000015
___aomod                       text30       0021D6
___aomod@counter               cstackCOMRAM 000014
___aomod@dividend              cstackCOMRAM 000004
___aomod@divisor               cstackCOMRAM 00000C
___aomod@sign                  cstackCOMRAM 000015
___awmod                       text12       002B14
___awmod@counter               cstackCOMRAM 000056
___awmod@dividend              cstackCOMRAM 000052
___awmod@divisor               cstackCOMRAM 000054
___awmod@sign                  cstackCOMRAM 000057
___fldiv                       text11       000C68
___fldiv@a                     cstackCOMRAM 000033
___fldiv@aexp                  cstackCOMRAM 000047
___fldiv@b                     cstackCOMRAM 00002F
___fldiv@bexp                  cstackCOMRAM 000046
___fldiv@grs                   cstackCOMRAM 000042
___fldiv@new_exp               cstackCOMRAM 000040
___fldiv@rem                   cstackCOMRAM 00003B
___fldiv@sign                  cstackCOMRAM 00003F
___flmul                       text10       00083E
___flmul@a                     cstackCOMRAM 00001A
___flmul@aexp                  cstackCOMRAM 000027
___flmul@b                     cstackCOMRAM 000016
___flmul@bexp                  cstackCOMRAM 000028
___flmul@grs                   cstackCOMRAM 000023
___flmul@prod                  cstackCOMRAM 000029
___flmul@sign                  cstackCOMRAM 000022
___flmul@temp                  cstackCOMRAM 00002D
___fltol                       text9        0026F6
___fltol@exp1                  cstackCOMRAM 000051
___fltol@f1                    cstackCOMRAM 000048
___fltol@sign1                 cstackCOMRAM 000050
___inthi_sp                    stack        000000
___intlo_sp                    stack        000000
___param_bank                  (abs)        000000
___rparam_used                 (abs)        000001
___sp                          stack        000000
___wmul                        text35       00301C
___wmul@multiplicand           cstackCOMRAM 000006
___wmul@multiplier             cstackCOMRAM 000004
___wmul@product                cstackCOMRAM 000008
___xxtofl                      text8        001A1E
___xxtofl@arg                  cstackCOMRAM 000012
___xxtofl@exp                  cstackCOMRAM 000011
___xxtofl@sign                 cstackCOMRAM 000010
___xxtofl@val                  cstackCOMRAM 000008
__accesstop                    (abs)        000060
__activetblptr                 (abs)        000002
__end_of_Lcd_Chr_CP            text41       002488
__end_of_Lcd_Cmd               text40       0026F6
__end_of_Lcd_Init              text16       002B14
__end_of_Lcd_Out               text39       0028C8
__end_of___aodiv               text31       001EEA
__end_of___aomod               text30       00233A
__end_of___awmod               text12       002BC4
__end_of___fldiv               text11       001002
__end_of___flmul               text10       000C68
__end_of___fltol               text9        0027FC
__end_of___wmul                text35       003042
__end_of___xxtofl              text8        001BD2
__end_of__initialization       cinit        002EC6
__end_of_abs                   text29       002F14
__end_of_adcGetValue           text7        002F50
__end_of_adcInit               text18       002E08
__end_of_appADC                text6        0025CC
__end_of_appBat                text5        001A1E
__end_of_appElemts             text4        002E4E
__end_of_appGetElements        text1        002060
__end_of_appISRConfig          text17       00309C
__end_of_appInit               text13       003074
__end_of_appLCD_Init           text15       002C48
__end_of_appStateInitial       text2        00301C
__end_of_appStateRecolectData  text3        002FBE
__end_of_appTimerInit          text14       003088
__end_of_appTimerStart         text38       003094
__end_of_appTimerStop          text37       0030A6
__end_of_atoi                  text32       001D62
__end_of_dtoa                  text23       00164C
__end_of_fputc                 text27       002992
__end_of_fputs                 text26       002E92
__end_of_isdigit               text34       002F88
__end_of_isrH                  intcode_body 0030A2
__end_of_isrL                  intcodelo    0000AA
__end_of_isspace               text33       002DC0
__end_of_main                  text0        002CBA
__end_of_memset                text36       0021D6
__end_of_pad                   text24       002A54
__end_of_putch                 text28       0030A8
__end_of_sprintf               text20       002D6E
__end_of_strlen                text25       002FF4
__end_of_teclado               text19       001836
__end_of_vfpfcnvrt             text22       00136E
__end_of_vfprintf              text21       002D1C
__initialization               cinit        002E92
__mediumconst                  mediumconst  000000
__pbssBANK0                    bssBANK0     00008E
__pbssCOMRAM                   bssCOMRAM    000058
__pcinit                       cinit        002E92
__pcstackBANK0                 cstackBANK0  000060
__pcstackCOMRAM                cstackCOMRAM 000001
__pdataBANK0                   dataBANK0    0000B8
__pidataBANK0                  idataBANK0   003042
__pintcode                     intcode      000008
__pintcode_body                intcode_body 00309C
__pintcodelo                   intcodelo    000018
__psmallconst                  smallconst   000800
__ptext0                       text0        002C48
__ptext1                       text1        001EEA
__ptext10                      text10       00083E
__ptext11                      text11       000C68
__ptext12                      text12       002B14
__ptext13                      text13       00305C
__ptext14                      text14       003074
__ptext15                      text15       002BC4
__ptext16                      text16       002A54
__ptext17                      text17       003094
__ptext18                      text18       002DC0
__ptext19                      text19       00164C
__ptext2                       text2        002FF4
__ptext20                      text20       002D1C
__ptext21                      text21       002CBA
__ptext22                      text22       001002
__ptext23                      text23       00136E
__ptext24                      text24       002992
__ptext25                      text25       002FBE
__ptext26                      text26       002E4E
__ptext27                      text27       0028C8
__ptext28                      text28       0030A6
__ptext29                      text29       002ED4
__ptext3                       text3        002F88
__ptext30                      text30       0021D6
__ptext31                      text31       001D62
__ptext32                      text32       001BD2
__ptext33                      text33       002D6E
__ptext34                      text34       002F50
__ptext35                      text35       00301C
__ptext36                      text36       002060
__ptext37                      text37       0030A2
__ptext38                      text38       003088
__ptext39                      text39       0027FC
__ptext4                       text4        002E08
__ptext40                      text40       0025CC
__ptext41                      text41       00233A
__ptext5                       text5        001836
__ptext6                       text6        002488
__ptext7                       text7        002F14
__ptext8                       text8        001A1E
__ptext9                       text9        0026F6
__ramtop                       ramtop       000800
__size_of_Lcd_Chr_CP           (abs)        000000
__size_of_Lcd_Cmd              (abs)        000000
__size_of_Lcd_Init             (abs)        000000
__size_of_Lcd_Out              (abs)        000000
__size_of___aodiv              (abs)        000000
__size_of___aomod              (abs)        000000
__size_of___awmod              (abs)        000000
__size_of___fldiv              (abs)        000000
__size_of___flmul              (abs)        000000
__size_of___fltol              (abs)        000000
__size_of___wmul               (abs)        000000
__size_of___xxtofl             (abs)        000000
__size_of_abs                  (abs)        000000
__size_of_adcGetValue          (abs)        000000
__size_of_adcInit              (abs)        000000
__size_of_appADC               (abs)        000000
__size_of_appBat               (abs)        000000
__size_of_appElemts            (abs)        000000
__size_of_appGetElements       (abs)        000000
__size_of_appISRConfig         (abs)        000000
__size_of_appInit              (abs)        000000
__size_of_appLCD_Init          (abs)        000000
__size_of_appStateInitial      (abs)        000000
__size_of_appStateRecolectData (abs)        000000
__size_of_appTimerInit         (abs)        000000
__size_of_appTimerStart        (abs)        000000
__size_of_appTimerStop         (abs)        000000
__size_of_atoi                 (abs)        000000
__size_of_dtoa                 (abs)        000000
__size_of_fputc                (abs)        000000
__size_of_fputs                (abs)        000000
__size_of_isdigit              (abs)        000000
__size_of_isrH                 (abs)        000000
__size_of_isrL                 (abs)        000000
__size_of_isspace              (abs)        000000
__size_of_main                 (abs)        000000
__size_of_memset               (abs)        000000
__size_of_pad                  (abs)        000000
__size_of_putch                (abs)        000000
__size_of_sprintf              (abs)        000000
__size_of_strlen               (abs)        000000
__size_of_teclado              (abs)        000000
__size_of_vfpfcnvrt            (abs)        000000
__size_of_vfprintf             (abs)        000000
__smallconst                   smallconst   000800
_abs                           text29       002ED4
_adcGetValue                   text7        002F14
_adcInit                       text18       002DC0
_appADC                        text6        002488
_appBat                        text5        001836
_appBat$2019                   cstackBANK0  000088
_appElemts                     text4        002E08
_appGetElements                text1        001EEA
_appISRConfig                  text17       003094
_appInit                       text13       00305C
_appLCD_Init                   text15       002BC4
_appStateInitial               text2        002FF4
_appStateRecolectData          text3        002F88
_appTimerInit                  text14       003074
_appTimerStart                 text38       003088
_appTimerStop                  text37       0030A2
_atoi                          text32       001BD2
_atoi$1740                     cstackCOMRAM 000013
_atoi$1741                     cstackCOMRAM 000017
_atoi$1742                     cstackCOMRAM 000015
_datos                         dataBANK0    0000B8
_dbuf                          bssBANK0     000098
_dtoa                          text23       00136E
_dtoa$1705                     cstackCOMRAM 000031
_flags                         bssCOMRAM    00005A
_fputc                         text27       0028C8
_fputs                         text26       002E4E
_isdigit                       text34       002F50
_isrH                          intcode      000008
_isrL                          intcodelo    000018
_isspace                       text33       002D6E
_isspace$1758                  cstackCOMRAM 00000A
_main                          text0        002C48
_memset                        text36       002060
_nout                          bssBANK0     000094
_pad                           text24       002992
_prec                          bssCOMRAM    000058
_putch                         text28       0030A6
_sprintf                       text20       002D1C
_strlen                        text25       002FBE
_teclado                       text19       00164C
_vfpfcnvrt                     text22       001002
_vfpfcnvrt$1720                cstackBANK0  00006A
_vfprintf                      text21       002CBA
_width                         bssBANK0     000096
abs@a                          cstackCOMRAM 000016
adcGetValue@PinADC             cstackCOMRAM 000007
adcInit@ADC_PINs               cstackCOMRAM 000005
appADC@data                    cstackBANK0  000084
appADC@lm35val                 cstackBANK0  000086
appBat@data                    cstackBANK0  000084
appElemts@dataout              cstackBANK0  000086
appElemts@elements             cstackBANK0  000084
appGetElements@cantidad        cstackBANK0  000086
appGetElements@inout           cstackBANK0  000088
atoi@n                         cstackCOMRAM 000018
atoi@neg                       cstackCOMRAM 000011
atoi@s                         cstackCOMRAM 00000B
btemp                          temp         00005C
dtoa@d                         cstackCOMRAM 000021
dtoa@fp                        cstackCOMRAM 00001F
dtoa@i                         cstackCOMRAM 000041
dtoa@n                         cstackCOMRAM 000039
dtoa@p                         cstackCOMRAM 000033
dtoa@s                         cstackCOMRAM 000037
dtoa@w                         cstackCOMRAM 000035
end_of_initialization          cinit        002EC6
fputc@c                        cstackCOMRAM 000004
fputc@fp                       cstackCOMRAM 000006
fputs@c                        cstackCOMRAM 000011
fputs@fp                       cstackCOMRAM 00000F
fputs@i                        cstackCOMRAM 000012
fputs@s                        cstackCOMRAM 00000D
int$flags                      temp         00005C
int_func                       intcode_body 00309C
intlevel0                      text         000000
intlevel1                      text         000000
intlevel2                      text         000000
intlevel3                      text         000000
isdigit@c                      cstackCOMRAM 000004
isspace@c                      cstackCOMRAM 000004
memset@c                       cstackCOMRAM 000006
memset@dest                    cstackCOMRAM 000004
memset@k                       cstackCOMRAM 00000C
memset@n                       cstackCOMRAM 000008
memset@s                       cstackCOMRAM 00000E
pad@buf                        cstackCOMRAM 000016
pad@fp                         cstackCOMRAM 000014
pad@i                          cstackCOMRAM 00001B
pad@p                          cstackCOMRAM 000018
pad@w                          cstackCOMRAM 00001D
sprintf@ap                     cstackBANK0  00007C
sprintf@f                      cstackBANK0  00007E
sprintf@fmt                    cstackBANK0  000074
sprintf@s                      cstackBANK0  000072
stackhi                        (abs)        0007FF
stacklo                        (abs)        0000D1
start                          init         0000AA
start_initialization           cinit        002E92
strlen@a                       cstackCOMRAM 000006
strlen@s                       cstackCOMRAM 000004
teclado@valor                  cstackCOMRAM 000004
ttemp5                         temp         00005D
ttemp6                         temp         000060
ttemp7                         temp         000064
vfpfcnvrt@ap                   cstackCOMRAM 000047
vfpfcnvrt@done                 cstackBANK0  000068
vfpfcnvrt@fmt                  cstackCOMRAM 000045
vfpfcnvrt@fp                   cstackCOMRAM 000043
vfpfcnvrt@ll                   cstackBANK0  000060
vfprintf@ap                    cstackBANK0  000070
vfprintf@cfmt                  cstackCOMRAM 00004D
vfprintf@fmt                   cstackBANK0  00006E
vfprintf@fp                    cstackBANK0  00006C
wtemp8                         temp         00005D


FUNCTION INFORMATION:

 *************** function _main *****************
 Defined at:
		line 12 in file "main.c"
 Parameters:    Size  Location     Type
		None
 Auto vars:     Size  Location     Type
		None
 Return value:  Size  Location     Type
                  1    wreg      void 
 Registers used:
		wreg, fsr1l, fsr1h, fsr2l, fsr2h, status,2, status,0, pclath, tosl, tblptrl, tblptrh, tblptru, prodl, prodh, cstack
 Tracked objects:
		On entry : 
		On exit  : 
		Unchanged: 
 Data sizes:     COMRAM   BANK0   BANK1   BANK2   BANK3   BANK4   BANK5   BANK6   BANK7
      Params:         0       0       0       0       0       0       0       0       0
      Locals:         0       0       0       0       0       0       0       0       0
      Temps:          0       2       0       0       0       0       0       0       0
      Totals:         0       2       0       0       0       0       0       0       0
Total ram usage:        2 bytes
 Hardware stack levels required when called:   12
 This function calls:
		_appGetElements
		_appInit
		_appStateInitial
		_appStateRecolectData
 This function is called by:
		Startup code after reset
 This function uses a non-reentrant model


 *************** function _appGetElements *****************
 Defined at:
		line 41 in file "app.c"
 Parameters:    Size  Location     Type
		None
 Auto vars:     Size  Location     Type
  cantidad        2   38[BANK0 ] unsigned short 
  inout           1   40[BANK0 ] unsigned char 
 Return value:  Size  Location     Type
                  1    wreg      void 
 Registers used:
		wreg, fsr1l, fsr1h, fsr2l, fsr2h, status,2, status,0, tblptrl, tblptrh, tblptru, prodl, prodh, cstack
 Tracked objects:
		On entry : 
		On exit  : 
		Unchanged: 
 Data sizes:     COMRAM   BANK0   BANK1   BANK2   BANK3   BANK4   BANK5   BANK6   BANK7
      Params:         0       0       0       0       0       0       0       0       0
      Locals:         0       3       0       0       0       0       0       0       0
      Temps:          0       2       0       0       0       0       0       0       0
      Totals:         0       5       0       0       0       0       0       0       0
Total ram usage:        5 bytes
 Hardware stack levels used:    1
 Hardware stack levels required when called:   10
 This function calls:
		_Lcd_Cmd
		_Lcd_Out
		___wmul
		_appTimerStart
		_appTimerStop
		_memset
		_sprintf
		_teclado
 This function is called by:
		_isrL
		_main
 This function uses a non-reentrant model


 *************** function _appStateInitial *****************
 Defined at:
		line 30 in file "app.c"
 Parameters:    Size  Location     Type
		None
 Auto vars:     Size  Location     Type
		None
 Return value:  Size  Location     Type
                  1    wreg      void 
 Registers used:
		wreg, fsr2l, fsr2h, status,2, status,0, cstack
 Tracked objects:
		On entry : 
		On exit  : 
		Unchanged: 
 Data sizes:     COMRAM   BANK0   BANK1   BANK2   BANK3   BANK4   BANK5   BANK6   BANK7
      Params:         0       0       0       0       0       0       0       0       0
      Locals:         0       0       0       0       0       0       0       0       0
      Temps:          0       0       0       0       0       0       0       0       0
      Totals:         0       0       0       0       0       0       0       0       0
Total ram usage:        0 bytes
 Hardware stack levels used:    1
 Hardware stack levels required when called:    3
 This function calls:
		_teclado
 This function is called by:
		_appStateRecolectData
		_appGetElements
		_main
 This function uses a non-reentrant model


 *************** function _appStateRecolectData *****************
 Defined at:
		line 23 in file "app.c"
 Parameters:    Size  Location     Type
		None
 Auto vars:     Size  Location     Type
		None
 Return value:  Size  Location     Type
                  1    wreg      void 
 Registers used:
		wreg, fsr1l, fsr1h, fsr2l, fsr2h, status,2, status,0, tblptrl, tblptrh, tblptru, prodl, prodh, cstack
 Tracked objects:
		On entry : 
		On exit  : 
		Unchanged: 
 Data sizes:     COMRAM   BANK0   BANK1   BANK2   BANK3   BANK4   BANK5   BANK6   BANK7
      Params:         0       0       0       0       0       0       0       0       0
      Locals:         0       0       0       0       0       0       0       0       0
      Temps:          0       0       0       0       0       0       0       0       0
      Totals:         0       0       0       0       0       0       0       0       0
Total ram usage:        0 bytes
 Hardware stack levels used:    1
 Hardware stack levels required when called:   11
 This function calls:
		_appADC
		_appBat
		_appElemts
 This function is called by:
		_isrL
		_main
 This function uses a non-reentrant model


 *************** function _appElemts *****************
 Defined at:
		line 83 in file "servo.c"
 Parameters:    Size  Location     Type
  elements        2   36[BANK0 ] PTR const short 
		 -> datos.elements(2), datos(25), 
 Auto vars:     Size  Location     Type
  dataout         6   38[BANK0 ] unsigned char [6]
 Return value:  Size  Location     Type
                  1    wreg      void 
 Registers used:
		wreg, fsr1l, fsr1h, fsr2l, fsr2h, status,2, status,0, tblptrl, tblptrh, tblptru, prodl, prodh, cstack
 Tracked objects:
		On entry : 
		On exit  : 
		Unchanged: 
 Data sizes:     COMRAM   BANK0   BANK1   BANK2   BANK3   BANK4   BANK5   BANK6   BANK7
      Params:         0       2       0       0       0       0       0       0       0
      Locals:         0       6       0       0       0       0       0       0       0
      Temps:          0       0       0       0       0       0       0       0       0
      Totals:         0       8       0       0       0       0       0       0       0
Total ram usage:        8 bytes
 Hardware stack levels used:    1
 Hardware stack levels required when called:   10
 This function calls:
		_Lcd_Out
		_sprintf
 This function is called by:
		_appStateRecolectData
 This function uses a non-reentrant model


 *************** function _appBat *****************
 Defined at:
		line 63 in file "adc.c"
 Parameters:    Size  Location     Type
  data            2   36[BANK0 ] PTR struct _state
		 -> datos(25), 
 Auto vars:     Size  Location     Type
		None
 Return value:  Size  Location     Type
                  1    wreg      void 
 Registers used:
		wreg, fsr1l, fsr1h, fsr2l, fsr2h, status,2, status,0, tblptrl, tblptrh, tblptru, prodl, prodh, cstack
 Tracked objects:
		On entry : 
		On exit  : 
		Unchanged: 
 Data sizes:     COMRAM   BANK0   BANK1   BANK2   BANK3   BANK4   BANK5   BANK6   BANK7
      Params:         0       2       0       0       0       0       0       0       0
      Locals:         0       4       0       0       0       0       0       0       0
      Temps:          0       2       0       0       0       0       0       0       0
      Totals:         0       8       0       0       0       0       0       0       0
Total ram usage:        8 bytes
 Hardware stack levels used:    1
 Hardware stack levels required when called:   10
 This function calls:
		_Lcd_Out
		___fldiv
		___flmul
		___fltol
		___xxtofl
		_adcGetValue
		_memset
		_sprintf
 This function is called by:
		_appStateRecolectData
 This function uses a non-reentrant model


 *************** function _appADC *****************
 Defined at:
		line 53 in file "adc.c"
 Parameters:    Size  Location     Type
  data            2   36[BANK0 ] PTR struct _state
		 -> datos(25), 
 Auto vars:     Size  Location     Type
  lm35val         4   38[BANK0 ] float 
 Return value:  Size  Location     Type
                  1    wreg      void 
 Registers used:
		wreg, fsr1l, fsr1h, fsr2l, fsr2h, status,2, status,0, tblptrl, tblptrh, tblptru, prodl, prodh, cstack
 Tracked objects:
		On entry : 
		On exit  : 
		Unchanged: 
 Data sizes:     COMRAM   BANK0   BANK1   BANK2   BANK3   BANK4   BANK5   BANK6   BANK7
      Params:         0       2       0       0       0       0       0       0       0
      Locals:         0       4       0       0       0       0       0       0       0
      Temps:          0       0       0       0       0       0       0       0       0
      Totals:         0       6       0       0       0       0       0       0       0
Total ram usage:        6 bytes
 Hardware stack levels used:    1
 Hardware stack levels required when called:   10
 This function calls:
		_Lcd_Out
		___awmod
		___fldiv
		___flmul
		___fltol
		___xxtofl
		_adcGetValue
		_memset
		_sprintf
 This function is called by:
		_appStateRecolectData
 This function uses a non-reentrant model


 *************** function _adcGetValue *****************
 Defined at:
		line 42 in file "adc.c"
 Parameters:    Size  Location     Type
  PinADC          1    wreg     unsigned char 
 Auto vars:     Size  Location     Type
  PinADC          1    6[COMRAM] unsigned char 
 Return value:  Size  Location     Type
                  2    3[COMRAM] unsigned short 
 Registers used:
		wreg, status,2, status,0
 Tracked objects:
		On entry : 
		On exit  : 
		Unchanged: 
 Data sizes:     COMRAM   BANK0   BANK1   BANK2   BANK3   BANK4   BANK5   BANK6   BANK7
      Params:         2       0       0       0       0       0       0       0       0
      Locals:         1       0       0       0       0       0       0       0       0
      Temps:          1       0       0       0       0       0       0       0       0
      Totals:         4       0       0       0       0       0       0       0       0
Total ram usage:        4 bytes
 Hardware stack levels used:    1
 Hardware stack levels required when called:    2
 This function calls:
		Nothing
 This function is called by:
		_appADC
		_appBat
 This function uses a non-reentrant model


 *************** function ___xxtofl *****************
 Defined at:
		line 10 in file "C:\Program Files\Microchip\xc8\v2.31\pic\sources\c99\common\xxtofl.c"
 Parameters:    Size  Location     Type
  sign            1    wreg     unsigned char 
  val             4    7[COMRAM] long 
 Auto vars:     Size  Location     Type
  sign            1   15[COMRAM] unsigned char 
  arg             4   17[COMRAM] unsigned long 
  exp             1   16[COMRAM] unsigned char 
 Return value:  Size  Location     Type
                  4    7[COMRAM] unsigned char 
 Registers used:
		wreg, status,2, status,0
 Tracked objects:
		On entry : 
		On exit  : 
		Unchanged: 
 Data sizes:     COMRAM   BANK0   BANK1   BANK2   BANK3   BANK4   BANK5   BANK6   BANK7
      Params:         4       0       0       0       0       0       0       0       0
      Locals:         6       0       0       0       0       0       0       0       0
      Temps:          4       0       0       0       0       0       0       0       0
      Totals:        14       0       0       0       0       0       0       0       0
Total ram usage:       14 bytes
 Hardware stack levels used:    1
 Hardware stack levels required when called:    2
 This function calls:
		Nothing
 This function is called by:
		_appADC
		_appBat
 This function uses a non-reentrant model


 *************** function ___fltol *****************
 Defined at:
		line 43 in file "C:\Program Files\Microchip\xc8\v2.31\pic\sources\c99\common\fltol.c"
 Parameters:    Size  Location     Type
  f1              4   71[COMRAM] unsigned char 
 Auto vars:     Size  Location     Type
  exp1            1   80[COMRAM] unsigned char 
  sign1           1   79[COMRAM] unsigned char 
 Return value:  Size  Location     Type
                  4   71[COMRAM] long 
 Registers used:
		wreg, status,2, status,0
 Tracked objects:
		On entry : 
		On exit  : 
		Unchanged: 
 Data sizes:     COMRAM   BANK0   BANK1   BANK2   BANK3   BANK4   BANK5   BANK6   BANK7
      Params:         4       0       0       0       0       0       0       0       0
      Locals:         2       0       0       0       0       0       0       0       0
      Temps:          4       0       0       0       0       0       0       0       0
      Totals:        10       0       0       0       0       0       0       0       0
Total ram usage:       10 bytes
 Hardware stack levels used:    1
 Hardware stack levels required when called:    2
 This function calls:
		Nothing
 This function is called by:
		_appADC
		_appBat
 This function uses a non-reentrant model


 *************** function ___flmul *****************
 Defined at:
		line 8 in file "C:\Program Files\Microchip\xc8\v2.31\pic\sources\c99\common\sprcmul.c"
 Parameters:    Size  Location     Type
  b               4   21[COMRAM] long 
  a               4   25[COMRAM] long 
 Auto vars:     Size  Location     Type
  prod            4   40[COMRAM] struct .
  grs             4   34[COMRAM] unsigned long 
  temp            2   44[COMRAM] struct .
  bexp            1   39[COMRAM] unsigned char 
  aexp            1   38[COMRAM] unsigned char 
  sign            1   33[COMRAM] unsigned char 
 Return value:  Size  Location     Type
                  4   21[COMRAM] unsigned char 
 Registers used:
		wreg, status,2, status,0, prodl, prodh
 Tracked objects:
		On entry : 
		On exit  : 
		Unchanged: 
 Data sizes:     COMRAM   BANK0   BANK1   BANK2   BANK3   BANK4   BANK5   BANK6   BANK7
      Params:         8       0       0       0       0       0       0       0       0
      Locals:        13       0       0       0       0       0       0       0       0
      Temps:          4       0       0       0       0       0       0       0       0
      Totals:        25       0       0       0       0       0       0       0       0
Total ram usage:       25 bytes
 Hardware stack levels used:    1
 Hardware stack levels required when called:    2
 This function calls:
		Nothing
 This function is called by:
		_appADC
		_appBat
 This function uses a non-reentrant model


 *************** function ___fldiv *****************
 Defined at:
		line 11 in file "C:\Program Files\Microchip\xc8\v2.31\pic\sources\c99\common\sprcdiv.c"
 Parameters:    Size  Location     Type
  b               4   46[COMRAM] unsigned char 
  a               4   50[COMRAM] unsigned char 
 Auto vars:     Size  Location     Type
  grs             4   65[COMRAM] unsigned long 
  rem             4   58[COMRAM] unsigned long 
  new_exp         2   63[COMRAM] short 
  aexp            1   70[COMRAM] unsigned char 
  bexp            1   69[COMRAM] unsigned char 
  sign            1   62[COMRAM] unsigned char 
 Return value:  Size  Location     Type
                  4   46[COMRAM] unsigned char 
 Registers used:
		wreg, status,2, status,0
 Tracked objects:
		On entry : 
		On exit  : 
		Unchanged: 
 Data sizes:     COMRAM   BANK0   BANK1   BANK2   BANK3   BANK4   BANK5   BANK6   BANK7
      Params:         8       0       0       0       0       0       0       0       0
      Locals:        13       0       0       0       0       0       0       0       0
      Temps:          4       0       0       0       0       0       0       0       0
      Totals:        25       0       0       0       0       0       0       0       0
Total ram usage:       25 bytes
 Hardware stack levels used:    1
 Hardware stack levels required when called:    2
 This function calls:
		Nothing
 This function is called by:
		_appADC
		_appBat
 This function uses a non-reentrant model


 *************** function ___awmod *****************
 Defined at:
		line 7 in file "C:\Program Files\Microchip\xc8\v2.31\pic\sources\c99\common\awmod.c"
 Parameters:    Size  Location     Type
  dividend        2   81[COMRAM] int 
  divisor         2   83[COMRAM] int 
 Auto vars:     Size  Location     Type
  sign            1   86[COMRAM] unsigned char 
  counter         1   85[COMRAM] unsigned char 
 Return value:  Size  Location     Type
                  2   81[COMRAM] int 
 Registers used:
		wreg, status,2, status,0
 Tracked objects:
		On entry : 
		On exit  : 
		Unchanged: 
 Data sizes:     COMRAM   BANK0   BANK1   BANK2   BANK3   BANK4   BANK5   BANK6   BANK7
      Params:         4       0       0       0       0       0       0       0       0
      Locals:         2       0       0       0       0       0       0       0       0
      Temps:          0       0       0       0       0       0       0       0       0
      Totals:         6       0       0       0       0       0       0       0       0
Total ram usage:        6 bytes
 Hardware stack levels used:    1
 Hardware stack levels required when called:    2
 This function calls:
		Nothing
 This function is called by:
		_appADC
 This function uses a non-reentrant model


 *************** function _appInit *****************
 Defined at:
		line 12 in file "app.c"
 Parameters:    Size  Location     Type
		None
 Auto vars:     Size  Location     Type
		None
 Return value:  Size  Location     Type
                  1    wreg      void 
 Registers used:
		wreg, fsr1l, fsr1h, status,2, status,0, tblptrl, tblptrh, tblptru, cstack
 Tracked objects:
		On entry : 
		On exit  : 
		Unchanged: 
 Data sizes:     COMRAM   BANK0   BANK1   BANK2   BANK3   BANK4   BANK5   BANK6   BANK7
      Params:         0       0       0       0       0       0       0       0       0
      Locals:         0       0       0       0       0       0       0       0       0
      Temps:          0       0       0       0       0       0       0       0       0
      Totals:         0       0       0       0       0       0       0       0       0
Total ram usage:        0 bytes
 Hardware stack levels used:    1
 Hardware stack levels required when called:    5
 This function calls:
		_adcInit
		_appISRConfig
		_appLCD_Init
		_appTimerInit
		_appTimerStart
 This function is called by:
		_main
 This function uses a non-reentrant model


 *************** function _appTimerInit *****************
 Defined at:
		line 53 in file "servo.c"
 Parameters:    Size  Location     Type
		None
 Auto vars:     Size  Location     Type
		None
 Return value:  Size  Location     Type
                  1    wreg      void 
 Registers used:
		wreg, status,2
 Tracked objects:
		On entry : 
		On exit  : 
		Unchanged: 
 Data sizes:     COMRAM   BANK0   BANK1   BANK2   BANK3   BANK4   BANK5   BANK6   BANK7
      Params:         0       0       0       0       0       0       0       0       0
      Locals:         0       0       0       0       0       0       0       0       0
      Temps:          0       0       0       0       0       0       0       0       0
      Totals:         0       0       0       0       0       0       0       0       0
Total ram usage:        0 bytes
 Hardware stack levels used:    1
 Hardware stack levels required when called:    2
 This function calls:
		Nothing
 This function is called by:
		_appInit
 This function uses a non-reentrant model


 *************** function _appLCD_Init *****************
 Defined at:
		line 197 in file "flex_lcd.c"
 Parameters:    Size  Location     Type
		None
 Auto vars:     Size  Location     Type
		None
 Return value:  Size  Location     Type
                  1    wreg      void 
 Registers used:
		wreg, fsr1l, fsr1h, status,2, status,0, tblptrl, tblptrh, tblptru, cstack
 Tracked objects:
		On entry : 
		On exit  : 
		Unchanged: 
 Data sizes:     COMRAM   BANK0   BANK1   BANK2   BANK3   BANK4   BANK5   BANK6   BANK7
      Params:         0       0       0       0       0       0       0       0       0
      Locals:         0       0       0       0       0       0       0       0       0
      Temps:          2       0       0       0       0       0       0       0       0
      Totals:         2       0       0       0       0       0       0       0       0
Total ram usage:        2 bytes
 Hardware stack levels used:    1
 Hardware stack levels required when called:    4
 This function calls:
		_Lcd_Cmd
		_Lcd_Init
		_Lcd_Out
 This function is called by:
		_appInit
 This function uses a non-reentrant model


 *************** function _Lcd_Init *****************
 Defined at:
		line 31 in file "flex_lcd.c"
 Parameters:    Size  Location     Type
		None
 Auto vars:     Size  Location     Type
  i               1    7[COMRAM] unsigned char 
  data            1    0        unsigned char 
 Return value:  Size  Location     Type
                  1    wreg      void 
 Registers used:
		wreg, status,2, status,0, cstack
 Tracked objects:
		On entry : 
		On exit  : 
		Unchanged: 
 Data sizes:     COMRAM   BANK0   BANK1   BANK2   BANK3   BANK4   BANK5   BANK6   BANK7
      Params:         0       0       0       0       0       0       0       0       0
      Locals:         2       0       0       0       0       0       0       0       0
      Temps:          1       0       0       0       0       0       0       0       0
      Totals:         3       0       0       0       0       0       0       0       0
Total ram usage:        3 bytes
 Hardware stack levels used:    1
 Hardware stack levels required when called:    3
 This function calls:
		_Lcd_Cmd
 This function is called by:
		_appLCD_Init
 This function uses a non-reentrant model


 *************** function _appISRConfig *****************
 Defined at:
		line 73 in file "app.c"
 Parameters:    Size  Location     Type
		None
 Auto vars:     Size  Location     Type
		None
 Return value:  Size  Location     Type
                  1    wreg      void 
 Registers used:
		None
 Tracked objects:
		On entry : 
		On exit  : 
		Unchanged: 
 Data sizes:     COMRAM   BANK0   BANK1   BANK2   BANK3   BANK4   BANK5   BANK6   BANK7
      Params:         0       0       0       0       0       0       0       0       0
      Locals:         0       0       0       0       0       0       0       0       0
      Temps:          0       0       0       0       0       0       0       0       0
      Totals:         0       0       0       0       0       0       0       0       0
Total ram usage:        0 bytes
 Hardware stack levels used:    1
 Hardware stack levels required when called:    2
 This function calls:
		Nothing
 This function is called by:
		_appInit
 This function uses a non-reentrant model


 *************** function _adcInit *****************
 Defined at:
		line 10 in file "adc.c"
 Parameters:    Size  Location     Type
  ADC_PINs        1    wreg     unsigned char 
 Auto vars:     Size  Location     Type
  ADC_PINs        1    4[COMRAM] unsigned char 
 Return value:  Size  Location     Type
                  1    wreg      void 
 Registers used:
		wreg, status,2, status,0
 Tracked objects:
		On entry : 
		On exit  : 
		Unchanged: 
 Data sizes:     COMRAM   BANK0   BANK1   BANK2   BANK3   BANK4   BANK5   BANK6   BANK7
      Params:         0       0       0       0       0       0       0       0       0
      Locals:         1       0       0       0       0       0       0       0       0
      Temps:          1       0       0       0       0       0       0       0       0
      Totals:         2       0       0       0       0       0       0       0       0
Total ram usage:        2 bytes
 Hardware stack levels used:    1
 Hardware stack levels required when called:    2
 This function calls:
		Nothing
 This function is called by:
		_appInit
 This function uses a non-reentrant model


 *************** function _teclado *****************
 Defined at:
		line 10 in file "teclado.c"
 Parameters:    Size  Location     Type
  valor           2    3[COMRAM] PTR unsigned char 
		 -> appGetElements@inout(1), datos(25), 
 Auto vars:     Size  Location     Type
		None
 Return value:  Size  Location     Type
                  1    wreg      void 
 Registers used:
		wreg, fsr2l, fsr2h, status,2, status,0
 Tracked objects:
		On entry : 
		On exit  : 
		Unchanged: 
 Data sizes:     COMRAM   BANK0   BANK1   BANK2   BANK3   BANK4   BANK5   BANK6   BANK7
      Params:         2       0       0       0       0       0       0       0       0
      Locals:         0       0       0       0       0       0       0       0       0
      Temps:          0       0       0       0       0       0       0       0       0
      Totals:         2       0       0       0       0       0       0       0       0
Total ram usage:        2 bytes
 Hardware stack levels used:    1
 Hardware stack levels required when called:    2
 This function calls:
		Nothing
 This function is called by:
		_appStateInitial
		_appGetElements
 This function uses a non-reentrant model


 *************** function _sprintf *****************
 Defined at:
		line 9 in file "C:\Program Files\Microchip\xc8\v2.31\pic\sources\c99\common\nf_sprintf.c"
 Parameters:    Size  Location     Type
  s               2   18[BANK0 ] PTR unsigned char 
		 -> appElemts@dataout(6), datos(25), 
  fmt             2   20[BANK0 ] PTR const unsigned char 
		 -> STR_7(3), STR_5(5), STR_2(9), STR_1(14), 
 Auto vars:     Size  Location     Type
  f               6   30[BANK0 ] struct _IO_FILE
  ap              2   28[BANK0 ] PTR void [1]
		 -> ?_sprintf(2), 
  ret             2    0        int 
 Return value:  Size  Location     Type
                  2   18[BANK0 ] int 
 Registers used:
		wreg, fsr1l, fsr1h, fsr2l, fsr2h, status,2, status,0, tblptrl, tblptrh, tblptru, prodl, prodh, cstack
 Tracked objects:
		On entry : 
		On exit  : 
		Unchanged: 
 Data sizes:     COMRAM   BANK0   BANK1   BANK2   BANK3   BANK4   BANK5   BANK6   BANK7
      Params:         0       8       0       0       0       0       0       0       0
      Locals:         0      10       0       0       0       0       0       0       0
      Temps:          0       0       0       0       0       0       0       0       0
      Totals:         0      18       0       0       0       0       0       0       0
Total ram usage:       18 bytes
 Hardware stack levels used:    1
 Hardware stack levels required when called:    9
 This function calls:
		_vfprintf
 This function is called by:
		_appADC
		_appBat
		_appElemts
		_appGetElements
 This function uses a non-reentrant model


 *************** function _vfprintf *****************
 Defined at:
		line 1390 in file "C:\Program Files\Microchip\xc8\v2.31\pic\sources\c99\common\doprnt.c"
 Parameters:    Size  Location     Type
  fp              2   12[BANK0 ] PTR struct _IO_FILE
		 -> sprintf@f(6), 
  fmt             2   14[BANK0 ] PTR const unsigned char 
		 -> STR_7(3), STR_5(5), STR_2(9), STR_1(14), 
  ap              2   16[BANK0 ] PTR PTR void 
		 -> sprintf@ap(2), 
 Auto vars:     Size  Location     Type
  cfmt            2   76[COMRAM] PTR unsigned char 
		 -> STR_7(3), STR_5(5), STR_2(9), STR_1(14), 
 Return value:  Size  Location     Type
                  2   12[BANK0 ] int 
 Registers used:
		wreg, fsr1l, fsr1h, fsr2l, fsr2h, status,2, status,0, tblptrl, tblptrh, tblptru, prodl, prodh, cstack
 Tracked objects:
		On entry : 
		On exit  : 
		Unchanged: 
 Data sizes:     COMRAM   BANK0   BANK1   BANK2   BANK3   BANK4   BANK5   BANK6   BANK7
      Params:         0       6       0       0       0       0       0       0       0
      Locals:         2       0       0       0       0       0       0       0       0
      Temps:          0       0       0       0       0       0       0       0       0
      Totals:         2       6       0       0       0       0       0       0       0
Total ram usage:        8 bytes
 Hardware stack levels used:    1
 Hardware stack levels required when called:    8
 This function calls:
		_vfpfcnvrt
 This function is called by:
		_sprintf
 This function uses a non-reentrant model


 *************** function _vfpfcnvrt *****************
 Defined at:
		line 692 in file "C:\Program Files\Microchip\xc8\v2.31\pic\sources\c99\common\doprnt.c"
 Parameters:    Size  Location     Type
  fp              2   66[COMRAM] PTR struct _IO_FILE
		 -> sprintf@f(6), 
  fmt             2   68[COMRAM] PTR PTR unsigned char 
		 -> vfprintf@cfmt(2), 
  ap              2   70[COMRAM] PTR PTR void 
		 -> sprintf@ap(2), 
 Auto vars:     Size  Location     Type
  ll              8    0[BANK0 ] long long 
  llu             8    0        unsigned long long 
  f               4    0        unsigned long long 
  vp              3    0        PTR void 
  ct              3    0        unsigned char [3]
  cp              3    0        PTR unsigned char 
  done            2    8[BANK0 ] int 
  i               2    0        int 
  c               1    0        unsigned char 
 Return value:  Size  Location     Type
                  2   66[COMRAM] int 
 Registers used:
		wreg, fsr1l, fsr1h, fsr2l, fsr2h, status,2, status,0, tblptrl, tblptrh, tblptru, prodl, prodh, cstack
 Tracked objects:
		On entry : 
		On exit  : 
		Unchanged: 
 Data sizes:     COMRAM   BANK0   BANK1   BANK2   BANK3   BANK4   BANK5   BANK6   BANK7
      Params:         6       0       0       0       0       0       0       0       0
      Locals:         0      12       0       0       0       0       0       0       0
      Temps:          4       0       0       0       0       0       0       0       0
      Totals:        10      12       0       0       0       0       0       0       0
Total ram usage:       22 bytes
 Hardware stack levels used:    1
 Hardware stack levels required when called:    7
 This function calls:
		_atoi
		_dtoa
		_fputc
		_isdigit
 This function is called by:
		_vfprintf
 This function uses a non-reentrant model


 *************** function _dtoa *****************
 Defined at:
		line 287 in file "C:\Program Files\Microchip\xc8\v2.31\pic\sources\c99\common\doprnt.c"
 Parameters:    Size  Location     Type
  fp              2   30[COMRAM] PTR struct _IO_FILE
		 -> sprintf@f(6), 
  d               8   32[COMRAM] long long 
 Auto vars:     Size  Location     Type
  n               8   56[COMRAM] long long 
  i               2   64[COMRAM] int 
  s               2   54[COMRAM] int 
  w               2   52[COMRAM] int 
  p               2   50[COMRAM] int 
 Return value:  Size  Location     Type
                  2   30[COMRAM] int 
 Registers used:
		wreg, fsr1l, fsr1h, fsr2l, fsr2h, status,2, status,0, cstack
 Tracked objects:
		On entry : 
		On exit  : 
		Unchanged: 
 Data sizes:     COMRAM   BANK0   BANK1   BANK2   BANK3   BANK4   BANK5   BANK6   BANK7
      Params:        10       0       0       0       0       0       0       0       0
      Locals:        18       0       0       0       0       0       0       0       0
      Temps:          8       0       0       0       0       0       0       0       0
      Totals:        36       0       0       0       0       0       0       0       0
Total ram usage:       36 bytes
 Hardware stack levels used:    1
 Hardware stack levels required when called:    6
 This function calls:
		___aodiv
		___aomod
		_abs
		_pad
 This function is called by:
		_vfpfcnvrt
 This function uses a non-reentrant model


 *************** function _pad *****************
 Defined at:
		line 72 in file "C:\Program Files\Microchip\xc8\v2.31\pic\sources\c99\common\doprnt.c"
 Parameters:    Size  Location     Type
  fp              2   19[COMRAM] PTR struct _IO_FILE
		 -> sprintf@f(6), 
  buf             2   21[COMRAM] PTR unsigned char 
		 -> dbuf(32), 
  p               2   23[COMRAM] int 
 Auto vars:     Size  Location     Type
  w               2   28[COMRAM] int 
  i               2   26[COMRAM] int 
 Return value:  Size  Location     Type
                  2   19[COMRAM] int 
 Registers used:
		wreg, fsr1l, fsr1h, fsr2l, fsr2h, status,2, status,0, cstack
 Tracked objects:
		On entry : 
		On exit  : 
		Unchanged: 
 Data sizes:     COMRAM   BANK0   BANK1   BANK2   BANK3   BANK4   BANK5   BANK6   BANK7
      Params:         6       0       0       0       0       0       0       0       0
      Locals:         4       0       0       0       0       0       0       0       0
      Temps:          1       0       0       0       0       0       0       0       0
      Totals:        11       0       0       0       0       0       0       0       0
Total ram usage:       11 bytes
 Hardware stack levels used:    1
 Hardware stack levels required when called:    5
 This function calls:
		_fputc
		_fputs
		_strlen
 This function is called by:
		_dtoa
 This function uses a non-reentrant model


 *************** function _strlen *****************
 Defined at:
		line 5 in file "C:\Program Files\Microchip\xc8\v2.31\pic\sources\c99\common\strlen.c"
 Parameters:    Size  Location     Type
  s               2    3[COMRAM] PTR const unsigned char 
		 -> dbuf(32), 
 Auto vars:     Size  Location     Type
  a               2    5[COMRAM] PTR const unsigned char 
		 -> dbuf(32), 
 Return value:  Size  Location     Type
                  2    3[COMRAM] unsigned int 
 Registers used:
		wreg, fsr2l, fsr2h, status,2, status,0
 Tracked objects:
		On entry : 
		On exit  : 
		Unchanged: 
 Data sizes:     COMRAM   BANK0   BANK1   BANK2   BANK3   BANK4   BANK5   BANK6   BANK7
      Params:         2       0       0       0       0       0       0       0       0
      Locals:         2       0       0       0       0       0       0       0       0
      Temps:          0       0       0       0       0       0       0       0       0
      Totals:         4       0       0       0       0       0       0       0       0
Total ram usage:        4 bytes
 Hardware stack levels used:    1
 Hardware stack levels required when called:    2
 This function calls:
		Nothing
 This function is called by:
		_pad
 This function uses a non-reentrant model


 *************** function _fputs *****************
 Defined at:
		line 8 in file "C:\Program Files\Microchip\xc8\v2.31\pic\sources\c99\common\nf_fputs.c"
 Parameters:    Size  Location     Type
  s               2   12[COMRAM] PTR const unsigned char 
		 -> dbuf(32), 
  fp              2   14[COMRAM] PTR struct _IO_FILE
		 -> sprintf@f(6), 
 Auto vars:     Size  Location     Type
  i               2   17[COMRAM] int 
  c               1   16[COMRAM] unsigned char 
 Return value:  Size  Location     Type
                  2   12[COMRAM] int 
 Registers used:
		wreg, fsr1l, fsr1h, fsr2l, fsr2h, status,2, status,0, cstack
 Tracked objects:
		On entry : 
		On exit  : 
		Unchanged: 
 Data sizes:     COMRAM   BANK0   BANK1   BANK2   BANK3   BANK4   BANK5   BANK6   BANK7
      Params:         4       0       0       0       0       0       0       0       0
      Locals:         3       0       0       0       0       0       0       0       0
[...]
Total ram usage:       26 bytes
 Hardware stack levels used:    1
 Hardware stack levels required when called:    2
 This function calls:
		Nothing
 This function is called by:
		_dtoa
 This function uses a non-reentrant model


 *************** function _atoi *****************
 Defined at:
		line 4 in file "C:\Program Files\Microchip\xc8\v2.31\pic\sources\c99\common\atoi.c"
 Parameters:    Size  Location     Type
  s               2   10[COMRAM] PTR const unsigned char 
		 -> STR_7(3), STR_5(5), STR_2(9), STR_1(14), 
 Auto vars:     Size  Location     Type
  n               2   23[COMRAM] int 
  neg             2   16[COMRAM] int 
 Return value:  Size  Location     Type
                  2   10[COMRAM] int 
 Registers used:
		wreg, status,2, status,0, tblptrl, tblptrh, tblptru, prodl, prodh, cstack
 Tracked objects:
		On entry : 
		On exit  : 
		Unchanged: 
 Data sizes:     COMRAM   BANK0   BANK1   BANK2   BANK3   BANK4   BANK5   BANK6   BANK7
      Params:         2       0       0       0       0       0       0       0       0
      Locals:         9       0       0       0       0       0       0       0       0
      Temps:          4       0       0       0       0       0       0       0       0
      Totals:        15       0       0       0       0       0       0       0       0
Total ram usage:       15 bytes
 Hardware stack levels used:    1
 Hardware stack levels required when called:    3
 This function calls:
		___wmul
		_isdigit
		_isspace
 This function is called by:
		_vfpfcnvrt
 This function uses a non-reentrant model


 *************** function _isspace *****************
 Defined at:
		line 5 in file "C:\Program Files\Microchip\xc8\v2.31\pic\sources\c99\common\isspace.c"
 Parameters:    Size  Location     Type
  c               2    3[COMRAM] int 
 Auto vars:     Size  Location     Type
		None
 Return value:  Size  Location     Type
                  2    3[COMRAM] int 
 Registers used:
		wreg, status,2, status,0
 Tracked objects:
		On entry : 
		On exit  : 
		Unchanged: 
 Data sizes:     COMRAM   BANK0   BANK1   BANK2   BANK3   BANK4   BANK5   BANK6   BANK7
      Params:         2       0       0       0       0       0       0       0       0
      Locals:         1       0       0       0       0       0       0       0       0
      Temps:          4       0       0       0       0       0       0       0       0
      Totals:         7       0       0       0       0       0       0       0       0
Total ram usage:        7 bytes
 Hardware stack levels used:    1
 Hardware stack levels required when called:    2
 This function calls:
		Nothing
 This function is called by:
		_atoi
 This function uses a non-reentrant model


 *************** function _isdigit *****************
 Defined at:
		line 5 in file "C:\Program Files\Microchip\xc8\v2.31\pic\sources\c99\common\isdigit.c"
 Parameters:    Size  Location     Type
  c               2    3[COMRAM] int 
 Auto vars:     Size  Location     Type
		None
 Return value:  Size  Location     Type
                  2    3[COMRAM] int 
 Registers used:
		wreg, status,2, status,0
 Tracked objects:
		On entry : 
		On exit  : 
		Unchanged: 
 Data sizes:     COMRAM   BANK0   BANK1   BANK2   BANK3   BANK4   BANK5   BANK6   BANK7
      Params:         2       0       0       0       0       0       0       0       0
      Locals:         0       0       0       0       0       0       0       0       0
      Temps:          4       0       0       0       0       0       0       0       0
      Totals:         6       0       0       0       0       0       0       0       0
Total ram usage:        6 bytes
 Hardware stack levels used:    1
 Hardware stack levels required when called:    2
 This function calls:
		Nothing
 This function is called by:
		_vfpfcnvrt
		_atoi
 This function uses a non-reentrant model


 *************** function ___wmul *****************
 Defined at:
		line 15 in file "C:\Program Files\Microchip\xc8\v2.31\pic\sources\c99\common\Umul16.c"
 Parameters:    Size  Location     Type
  multiplier      2    3[COMRAM] unsigned int 
  multiplicand    2    5[COMRAM] unsigned int 
 Auto vars:     Size  Location     Type
  product         2    7[COMRAM] unsigned int 
 Return value:  Size  Location     Type
                  2    3[COMRAM] unsigned int 
 Registers used:
		wreg, status,2, status,0, prodl, prodh
 Tracked objects:
		On entry : 
		On exit  : 
		Unchanged: 
 Data sizes:     COMRAM   BANK0   BANK1   BANK2   BANK3   BANK4   BANK5   BANK6   BANK7
      Params:         4       0       0       0       0       0       0       0       0
      Locals:         2       0       0       0       0       0       0       0       0
      Temps:          0       0       0       0       0       0       0       0       0
      Totals:         6       0       0       0       0       0       0       0       0
Total ram usage:        6 bytes
 Hardware stack levels used:    1
 Hardware stack levels required when called:    2
 This function calls:
		Nothing
 This function is called by:
		_appGetElements
		_atoi
 This function uses a non-reentrant model


 *************** function _memset *****************
 Defined at:
		line 4 in file "C:\Program Files\Microchip\xc8\v2.31\pic\sources\c99\common\memset.c"
 Parameters:    Size  Location     Type
  dest            2    3[COMRAM] PTR void 
		 -> datos(25), 
  c               2    5[COMRAM] int 
  n               2    7[COMRAM] unsigned int 
 Auto vars:     Size  Location     Type
  s               2   13[COMRAM] PTR unsigned char 
		 -> datos(25), 
  k               2   11[COMRAM] unsigned int 
 Return value:  Size  Location     Type
                  2    3[COMRAM] PTR void 
 Registers used:
		wreg, fsr2l, fsr2h, status,2, status,0
 Tracked objects:
		On entry : 
		On exit  : 
		Unchanged: 
 Data sizes:     COMRAM   BANK0   BANK1   BANK2   BANK3   BANK4   BANK5   BANK6   BANK7
      Params:         6       0       0       0       0       0       0       0       0
      Locals:         4       0       0       0       0       0       0       0       0
      Temps:          2       0       0       0       0       0       0       0       0
      Totals:        12       0       0       0       0       0       0       0       0
Total ram usage:       12 bytes
 Hardware stack levels used:    1
 Hardware stack levels required when called:    2
 This function calls:
		Nothing
 This function is called by:
		_appADC
		_appBat
		_appGetElements
 This function uses a non-reentrant model


 *************** function _appTimerStop *****************
 Defined at:
		line 78 in file "servo.c"
 Parameters:    Size  Location     Type
		None
 Auto vars:     Size  Location     Type
		None
 Return value:  Size  Location     Type
                  1    wreg      void 
 Registers used:
		None
 Tracked objects:
		On entry : 
		On exit  : 
		Unchanged: 
 Data sizes:     COMRAM   BANK0   BANK1   BANK2   BANK3   BANK4   BANK5   BANK6   BANK7
      Params:         0       0       0       0       0       0       0       0       0
      Locals:         0       0       0       0       0       0       0       0       0
      Temps:          0       0       0       0       0       0       0       0       0
      Totals:         0       0       0       0       0       0       0       0       0
Total ram usage:        0 bytes
 Hardware stack levels used:    1
 Hardware stack levels required when called:    2
 This function calls:
		Nothing
 This function is called by:
		_appGetElements
 This function uses a non-reentrant model


 *************** function _appTimerStart *****************
 Defined at:
		line 72 in file "servo.c"
 Parameters:    Size  Location     Type
		None
 Auto vars:     Size  Location     Type
		None
 Return value:  Size  Location     Type
                  1    wreg      void 
 Registers used:
		wreg, status,2
 Tracked objects:
		On entry : 
		On exit  : 
		Unchanged: 
 Data sizes:     COMRAM   BANK0   BANK1   BANK2   BANK3   BANK4   BANK5   BANK6   BANK7
      Params:         0       0       0       0       0       0       0       0       0
      Locals:         0       0       0       0       0       0       0       0       0
      Temps:          0       0       0       0       0       0       0       0       0
      Totals:         0       0       0       0       0       0       0       0       0
Total ram usage:        0 bytes
 Hardware stack levels used:    1
 Hardware stack levels required when called:    2
 This function calls:
		Nothing
 This function is called by:
		_appInit
		_appGetElements
 This function uses a non-reentrant model


 *************** function _Lcd_Out *****************
 Defined at:
		line 95 in file "flex_lcd.c"
 Parameters:    Size  Location     Type
  y               1    wreg     unsigned char 
  x               1    6[COMRAM] unsigned char 
  buffer          2    7[COMRAM] PTR const char 
		 -> STR_6(14), appElemts@dataout(6), STR_4(6), STR_3(12), 
		 -> datos.display(16), datos(25), 
 Auto vars:     Size  Location     Type
  y               1   11[COMRAM] unsigned char 
  data            1   12[COMRAM] unsigned char 
 Return value:  Size  Location     Type
                  1    wreg      void 
 Registers used:
		wreg, fsr1l, fsr1h, status,2, status,0, tblptrl, tblptrh, tblptru, cstack
 Tracked objects:
		On entry : 
		On exit  : 
		Unchanged: 
 Data sizes:     COMRAM   BANK0   BANK1   BANK2   BANK3   BANK4   BANK5   BANK6   BANK7
      Params:         3       0       0       0       0       0       0       0       0
      Locals:         2       0       0       0       0       0       0       0       0
      Temps:          2       0       0       0       0       0       0       0       0
      Totals:         7       0       0       0       0       0       0       0       0
Total ram usage:        7 bytes
 Hardware stack levels used:    1
 Hardware stack levels required when called:    3
 This function calls:
		_Lcd_Chr_CP
		_Lcd_Cmd
 This function is called by:
		_appADC
		_appBat
		_appLCD_Init
		_appElemts
		_appGetElements
 This function uses a non-reentrant model


 *************** function _Lcd_Cmd *****************
 Defined at:
		line 175 in file "flex_lcd.c"
 Parameters:    Size  Location     Type
  data            1    wreg     unsigned char 
 Auto vars:     Size  Location     Type
  data            1    5[COMRAM] unsigned char 
 Return value:  Size  Location     Type
                  1    wreg      void 
 Registers used:
		wreg, status,2, status,0
 Tracked objects:
		On entry : 
		On exit  : 
		Unchanged: 
 Data sizes:     COMRAM   BANK0   BANK1   BANK2   BANK3   BANK4   BANK5   BANK6   BANK7
      Params:         0       0       0       0       0       0       0       0       0
      Locals:         1       0       0       0       0       0       0       0       0
      Temps:          2       0       0       0       0       0       0       0       0
      Totals:         3       0       0       0       0       0       0       0       0
Total ram usage:        3 bytes
 Hardware stack levels used:    1
 Hardware stack levels required when called:    2
 This function calls:
		Nothing
 This function is called by:
		_Lcd_Init
		_Lcd_Out
		_appLCD_Init
		_appGetElements
		_Lcd_Out2
 This function uses a non-reentrant model


 *************** function _Lcd_Chr_CP *****************
 Defined at:
		line 151 in file "flex_lcd.c"
 Parameters:    Size  Location     Type
  data            1    wreg     char 
 Auto vars:     Size  Location     Type
  data            1    5[COMRAM] char 
 Return value:  Size  Location     Type
                  1    wreg      void 
 Registers used:
		wreg, status,2, status,0
 Tracked objects:
		On entry : 
		On exit  : 
		Unchanged: 
 Data sizes:     COMRAM   BANK0   BANK1   BANK2   BANK3   BANK4   BANK5   BANK6   BANK7
      Params:         0       0       0       0       0       0       0       0       0
      Locals:         1       0       0       0       0       0       0       0       0
      Temps:          2       0       0       0       0       0       0       0       0
      Totals:         3       0       0       0       0       0       0       0       0
Total ram usage:        3 bytes
 Hardware stack levels used:    1
 Hardware stack levels required when called:    2
 This function calls:
		Nothing
 This function is called by:
		_Lcd_Out
		_Lcd_Out2
 This function uses a non-reentrant model


 *************** function _isrL *****************
 Defined at:
		line 83 in file "app.c"
 Parameters:    Size  Location     Type
		None
 Auto vars:     Size  Location     Type
		None
 Return value:  Size  Location     Type
                  1    wreg      void 
 Registers used:
		wreg, status,2, status,0
 Tracked objects:
		On entry : 
		On exit  : 
		Unchanged: 
 Data sizes:     COMRAM   BANK0   BANK1   BANK2   BANK3   BANK4   BANK5   BANK6   BANK7
      Params:         0       0       0       0       0       0       0       0       0
      Locals:         0       0       0       0       0       0       0       0       0
      Temps:          3       0       0       0       0       0       0       0       0
      Totals:         3       0       0       0       0       0       0       0       0
Total ram usage:        3 bytes
 Hardware stack levels used:    1
 Hardware stack levels required when called:    1
 This function calls:
		Nothing
 This function is called by:
		Interrupt level 1
 This function uses a non-reentrant model


 *************** function _isrH *****************
 Defined at:
		line 101 in file "app.c"
 Parameters:    Size  Location     Type
		None
 Auto vars:     Size  Location     Type
		None
 Return value:  Size  Location     Type
                  1    wreg      void 
 Registers used:
		None
 Tracked objects:
		On entry : 
		On exit  : 
		Unchanged: 
 Data sizes:     COMRAM   BANK0   BANK1   BANK2   BANK3   BANK4   BANK5   BANK6   BANK7
      Params:         0       0       0       0       0       0       0       0       0
      Locals:         0       0       0       0       0       0       0       0       0
      Temps:          0       0       0       0       0       0       0       0       0
      Totals:         0       0       0       0       0       0       0       0       0
Total ram usage:        0 bytes
 Hardware stack levels used:    1
 This function calls:
		Nothing
 This function is called by:
		Interrupt level 2
 This function uses a non-reentrant model



MODULE INFORMATION

Module		Function		Class		Link	Load	Size
servo.c
		_appElemts     		CODE           	2E08	0000	70
		_appTimerInit  		CODE           	3074	0000	20
		_appTimerStop  		CODE           	30A2	0000	4
		_appTimerStart 		CODE           	3088	0000	12

servo.c estimated size: 106

C:\Program Files\Microchip\xc8\v2.31\pic\sources\c99\common\isdigit.c
		_isdigit       		CODE           	2F50	0000	56

C:\Program Files\Microchip\xc8\v2.31\pic\sources\c99\common\isdigit.c estimated size: 56

C:\Program Files\Microchip\xc8\v2.31\pic\sources\c99\common\putch.c
		_putch         		CODE           	30A6	0000	2

C:\Program Files\Microchip\xc8\v2.31\pic\sources\c99\common\putch.c estimated size: 2

C:\Program Files\Microchip\xc8\v2.31\pic\sources\c99\common\nf_fputs.c
		_fputs         		CODE           	2E4E	0000	68

C:\Program Files\Microchip\xc8\v2.31\pic\sources\c99\common\nf_fputs.c estimated size: 68

C:\Program Files\Microchip\xc8\v2.31\pic\sources\c99\common\xxtofl.c
		___xxtofl      		CODE           	1A1E	0000	436

C:\Program Files\Microchip\xc8\v2.31\pic\sources\c99\common\xxtofl.c estimated size: 436

C:\Program Files\Microchip\xc8\v2.31\pic\sources\c99\common\aomod.c
		___aomod       		CODE           	21D6	0000	356

C:\Program Files\Microchip\xc8\v2.31\pic\sources\c99\common\aomod.c estimated size: 356

teclado.c
		_teclado       		CODE           	164C	0000	490

teclado.c estimated size: 490

C:\Program Files\Microchip\xc8\v2.31\pic\sources\c99\common\atoi.c
		_atoi          		CODE           	1BD2	0000	400

C:\Program Files\Microchip\xc8\v2.31\pic\sources\c99\common\atoi.c estimated size: 400

C:\Program Files\Microchip\xc8\v2.31\pic\sources\c99\common\abs.c
		_abs           		CODE           	2ED4	0000	64

C:\Program Files\Microchip\xc8\v2.31\pic\sources\c99\common\abs.c estimated size: 64

C:\Program Files\Microchip\xc8\v2.31\pic\sources\c99\common\strlen.c
		_strlen        		CODE           	2FBE	0000	54

C:\Program Files\Microchip\xc8\v2.31\pic\sources\c99\common\strlen.c estimated size: 54

C:\Program Files\Microchip\xc8\v2.31\pic\sources\c99\common\memset.c
		_memset        		CODE           	2060	0000	374

C:\Program Files\Microchip\xc8\v2.31\pic\sources\c99\common\memset.c estimated size: 374

C:\Program Files\Microchip\xc8\v2.31\pic\sources\c99\common\awmod.c
		___awmod       		CODE           	2B14	0000	176

C:\Program Files\Microchip\xc8\v2.31\pic\sources\c99\common\awmod.c estimated size: 176

adc.c
		_adcGetValue   		CODE           	2F14	0000	60
		_appBat        		CODE           	1836	0000	488
		_adcInit       		CODE           	2DC0	0000	72
		_appADC        		CODE           	2488	0000	324

adc.c estimated size: 944

flex_lcd.c
		_Lcd_Init      		CODE           	2A54	0000	192
		_Lcd_Out       		CODE           	27FC	0000	204
		_appLCD_Init   		CODE           	2BC4	0000	132
		_Lcd_Chr_CP    		CODE           	233A	0000	334
		_Lcd_Cmd       		CODE           	25CC	0000	298

flex_lcd.c estimated size: 1160

C:\Program Files\Microchip\xc8\v2.31\pic\sources\c99\common\aodiv.c
		___aodiv       		CODE           	1D62	0000	392

C:\Program Files\Microchip\xc8\v2.31\pic\sources\c99\common\aodiv.c estimated size: 392

C:\Program Files\Microchip\xc8\v2.31\pic\sources\c99\common\nf_fputc.c
		_fputc         		CODE           	28C8	0000	202

C:\Program Files\Microchip\xc8\v2.31\pic\sources\c99\common\nf_fputc.c estimated size: 202

shared
		__initialization		CODE           	2E92	0000	52

shared estimated size: 52

app.c
		_isrL          		CODE           	0018	0000	146
		_appStateInitial		CODE           	2FF4	0000	40
		_appISRConfig  		CODE           	3094	0000	8
		_appInit       		CODE           	305C	0000	24
		_appGetElements		CODE           	1EEA	0000	374
		_isrH          		CODE           	0008	0000	12
		_appStateRecolectData		CODE           	2F88	0000	54

app.c estimated size: 658

C:\Program Files\Microchip\xc8\v2.31\pic\sources\c99\common\sprcmul.c
		___flmul       		CODE           	083E	0000	1066

C:\Program Files\Microchip\xc8\v2.31\pic\sources\c99\common\sprcmul.c estimated size: 1066

C:\Program Files\Microchip\xc8\v2.31\pic\sources\c99\common\doprnt.c
		_vfpfcnvrt     		CODE           	1002	0000	876
		_pad           		CODE           	2992	0000	194
		_dtoa          		CODE           	136E	0000	734
		_vfprintf      		CODE           	2CBA	0000	98

C:\Program Files\Microchip\xc8\v2.31\pic\sources\c99\common\doprnt.c estimated size: 1902

C:\Program Files\Microchip\xc8\v2.31\pic\sources\c99\common\sprcdiv.c
		___fldiv       		CODE           	0C68	0000	922

C:\Program Files\Microchip\xc8\v2.31\pic\sources\c99\common\sprcdiv.c estimated size: 922

C:\Program Files\Microchip\xc8\v2.31\pic\sources\c99\common\fltol.c
		___fltol       		CODE           	26F6	0000	262

C:\Program Files\Microchip\xc8\v2.31\pic\sources\c99\common\fltol.c estimated size: 262

C:\Program Files\Microchip\xc8\v2.31\pic\sources\c99\common\nf_sprintf.c
		_sprintf       		CODE           	2D1C	0000	82

C:\Program Files\Microchip\xc8\v2.31\pic\sources\c99\common\nf_sprintf.c estimated size: 82

C:\Program Files\Microchip\xc8\v2.31\pic\sources\c99\common\isspace.c
		_isspace       		CODE           	2D6E	0000	82

C:\Program Files\Microchip\xc8\v2.31\pic\sources\c99\common\isspace.c estimated size: 82

C:\Program Files\Microchip\xc8\v2.31\pic\sources\c99\common\Umul16.c
		___wmul        		CODE           	301C	0000	38

C:\Program Files\Microchip\xc8\v2.31\pic\sources\c99\common\Umul16.c estimated size: 38

main.c
		_main          		CODE           	2C48	0000	114

main.c estimated size: 114

