Microchip MPLAB XC8 Compiler V2.31

Linker command line:

-W-3 --edf=C:\Program Files\Microchip\xc8\v2.31\pic\dat\en_msgs.txt -cn \
  -h+dist/default/production\SICCV.X.production.sym \
  --cmf=dist/default/production\SICCV.X.production.cmf -z -Q18F4550 \
  -oC:\Users\Emmanuel\AppData\Local\Temp\scvs.2 --defsym=__MPLAB_BUILD=1 \
  -Mdist/default/production/SICCV.X.production.map -E1 -ver=XC8 Compiler \
  --acfsm=1493 -ASTACK=0D1h-07FFh -pstack=STACK -ACODE=00h-07FFFh \
  -ACONST=00h-07FFFh -ASMALLCONST=0800h-08FFhx120 \
  -AMEDIUMCONST=0800h-07FFFh -ACOMRAM=01h-05Fh -AABS1=00h-07FFh \
  -ABIGRAM=01h-07FFh -ARAM=060h-0FFh,0100h-01FFhx7 -ABANK0=060h-0FFh \
  -ABANK1=0100h-01FFh -ABANK2=0200h-02FFh -ABANK3=0300h-03FFh \
  -ABANK4=0400h-04FFh -ABANK5=0500h-05FFh -ABANK6=0600h-06FFh \
  -ABANK7=0700h-07FFh -ASFR=0F60h-0FFFh -ACONFIG=0300000h-030000Dh \
  -AIDLOC=0200000h-0200007h -AEEDATA=0F00000h-0F000FFh -peeprom_data=EEDATA \
  -preset_vec=00h,intcode=08h,intcodelo=018h,powerup,init -pramtop=0800h \
  -psmallconst=SMALLCONST -pmediumconst=MEDIUMCONST -pconst=CONST \
  -AFARRAM=00h-00h \
  -prdata=COMRAM,nvrram=COMRAM,nvbit=COMRAM,rbss=COMRAM,rbit=COMRAM \
  -pfarbss=FARRAM,fardata=FARRAM,nvFARRAM=FARRAM \
  -pintsave_regs=BIGRAM,bigbss=BIGRAM,bigdata=BIGRAM -pbss=RAM \
  -pidata=CODE,irdata=CODE,ibigdata=CODE,ifardata=CODE -prparam=COMRAM \
  C:\Users\Emmanuel\AppData\Local\Temp\scvs.o \
  dist/default/production\SICCV.X.production.o 

Object code version is 3.11

Machine type is 18F4550



                Name                               Link     Load   Length Selector   Space Scale
C:\Users\Emmanuel\AppData\Local\Temp\scvs.o
                idloc                            200000   200000        8        0       5
                config                           300000   300000        E        0       4
                init                                 BC       BC        4        C       0
                reset_vec                             0        0        4        0       0
dist/default/production\SICCV.X.production.o
                intcodelo                            18       18       A4        C       0
                intcode                               8        8        6        4       0
                idloc                            200000   200000        8        0       5
                config                           300000   300000        E        0       4
                temp                                 5B       5B        1        1       1
                smallconst                          800      800       5C      400       0
                intcode_body                       2FEE     2FEE       5E      42E       0
                text52                             238E     238E      14E      42E       0
                text51                             24DC     24DC      12A      42E       0
                text50                             2926     2926       CC      42E       0
                text49                             20B4     20B4      176      42E       0
                text48                             346C     346C       26      42E       0
                text47                             33A6     33A6       38      42E       0
                text46                             30F6     30F6       52      42E       0
                text45                             1D9C     1D9C      190      42E       0
                text44                             1F2C     1F2C      188      42E       0
                text43                             222A     222A      164      42E       0
                text42                             32EE     32EE       40      42E       0
                text41                             3504     3504        2     1A56       0
                text40                             29F2     29F2       CA      42E       0
                text39                             3268     3268       44      42E       0
                text38                             33DE     33DE       36      42E       0
                text37                             2ABC     2ABC       C2      42E       0
                text36                             138C     138C      2DE      42E       0
                text35                             1020     1020      36C      42E       0
                text34                             2F8C     2F8C       62      42E       0
                text33                             30A4     30A4       52      42E       0
                text32                             166A     166A      1EA      42E       0
                text31                             2828     2828       FE      42E       0
                text30                             3500     3500        4     1A56       0
                text29                             2606     2606      11C      42E       0
                text28                             3442     3442       2A      42E       0
                text27                             34C4     34C4       16     1A56       0
                text26                             34DA     34DA        C     1A56       0
                text25                             34FC     34FC        4     1A56       0
                text24                             3148     3148       4A      42E       0
                text23                             34E6     34E6        A     1A56       0
                text22                             34F0     34F0        8     1A56       0
                text21                             2B7E     2B7E       C0      42E       0
                text20                             2E26     2E26       84      42E       0
                text19                             3414     3414       2E      42E       0
                text18                             34AC     34AC       18     1A56       0
                text17                             2CF0     2CF0       A4      42E       0
                text16                             304C     304C       58      42E       0
                text15                             336A     336A       3C      42E       0
                text14                             2C3E     2C3E       B2      42E       0
                text13                              C86      C86      39A      42E       0
                text12                              85C      85C      42A      42E       0
                text11                             2722     2722      106      42E       0
                text10                             1A3C     1A3C      1B4      42E       0
                text9                              332E     332E       3C      42E       0
                text8                              1BF0     1BF0      1AC      42E       0
                text7                              1854     1854      1E8      42E       0
                text6                              34F8     34F8        4     1A56       0
                text5                              3222     3222       46      42E       0
                text4                              31DA     31DA       48      42E       0
                text3                              3192     3192       48      42E       0
                text2                              2D94     2D94       92      42E       0
                text1                              2F1C     2F1C       70      42E       0
                text0                              2EAA     2EAA       72      42E       0
                cstackCOMRAM                          1        1       56        1       1
                cstackBANK0                          60       60       2E       60       1
                dataBANK0                            B8       B8       19       60       1
                bssBANK0                             8E       8E       2A       60       1
                bssCOMRAM                            57       57        4        1       1
                cinit                              32AC     32AC       42      42E       0
                idataBANK0                         3492     3492       19      42E       0

TOTAL           Name                               Link     Load   Length     Space
        CLASS   STACK          

        CLASS   CODE           
                intcodelo                            18       18       A4         0
                intcode                               8        8        6         0
                init                                 BC       BC        4         0
                reset_vec                             0        0        4         0
                intcode_body                       2FEE     2FEE       5E         0
                text52                             238E     238E      14E         0
                text51                             24DC     24DC      12A         0
                text50                             2926     2926       CC         0
                text49                             20B4     20B4      176         0
                text48                             346C     346C       26         0
                text47                             33A6     33A6       38         0
                text46                             30F6     30F6       52         0
                text45                             1D9C     1D9C      190         0
                text44                             1F2C     1F2C      188         0
                text43                             222A     222A      164         0
                text42                             32EE     32EE       40         0
                text41                             3504     3504        2         0
                text40                             29F2     29F2       CA         0
                text39                             3268     3268       44         0
                text38                             33DE     33DE       36         0
                text37                             2ABC     2ABC       C2         0
                text36                             138C     138C      2DE         0
                text35                             1020     1020      36C         0
                text34                             2F8C     2F8C       62         0
                text33                             30A4     30A4       52         0
                text32                             166A     166A      1EA         0
                text31                             2828     2828       FE         0
                text30                             3500     3500        4         0
                text29                             2606     2606      11C         0
                text28                             3442     3442       2A         0
                text27                             34C4     34C4       16         0
                text26                             34DA     34DA        C         0
                text25                             34FC     34FC        4         0
                text24                             3148     3148       4A         0
                text23                             34E6     34E6        A         0
                text22                             34F0     34F0        8         0
                text21                             2B7E     2B7E       C0         0
                text20                             2E26     2E26       84         0
                text19                             3414     3414       2E         0
                text18                             34AC     34AC       18         0
                text17                             2CF0     2CF0       A4         0
                text16                             304C     304C       58         0
                text15                             336A     336A       3C         0
                text14                             2C3E     2C3E       B2         0
                text13                              C86      C86      39A         0
                text12                              85C      85C      42A         0
                text11                             2722     2722      106         0
                text10                             1A3C     1A3C      1B4         0
                text9                              332E     332E       3C         0
                text8                              1BF0     1BF0      1AC         0
                text7                              1854     1854      1E8         0
                text6                              34F8     34F8        4         0
                text5                              3222     3222       46         0
                text4                              31DA     31DA       48         0
                text3                              3192     3192       48         0
                text2                              2D94     2D94       92         0
                text1                              2F1C     2F1C       70         0
                text0                              2EAA     2EAA       72         0
                cinit                              32AC     32AC       42         0
                idataBANK0                         3492     3492       19         0

        CLASS   CONST          

        CLASS   SMALLCONST     
                smallconst                          800      800       5C         0

        CLASS   MEDIUMCONST    

        CLASS   COMRAM         
                temp                                 5B       5B        1         1
                cstackCOMRAM                          1        1       56         1
                bssCOMRAM                            57       57        4         1

        CLASS   ABS1           

        CLASS   BIGRAM         

        CLASS   RAM            

        CLASS   BANK0          
                cstackBANK0                          60       60       2E         1
                dataBANK0                            B8       B8       19         1
                bssBANK0                             8E       8E       2A         1

        CLASS   BANK1          

        CLASS   BANK2          

        CLASS   BANK3          

        CLASS   BANK4          

        CLASS   BANK5          

        CLASS   BANK6          

        CLASS   BANK7          

        CLASS   SFR            

        CLASS   CONFIG         
                config                           300000   300000        E         4

        CLASS   IDLOC          
                idloc                            200000   200000        8         5

        CLASS   EEDATA         

        CLASS   FARRAM         



SEGMENTS        Name                           Load    Length   Top    Selector   Space  Class

                reset_vec                      000000  000004  000004         0       0  CODE    
                cstackCOMRAM                   000001  00005B  00005C         1       1  COMRAM  
                intcode                        000008  000006  00000E         4       0  CODE    
                intcodelo                      000018  0000A8  0000C0         C       0  CODE    
                cstackBANK0                    000060  000071  0000D1        60       1  BANK0   
                smallconst                     000800  00005C  00085C       400       0  SMALLCON
                text12                         00085C  002C4F  0034AB       42E       0  CODE    
                text18                         0034AC  00005A  003506      1A56       0  CODE    


UNUSED ADDRESS RANGES

        Name                Unused          Largest block    Delta
        BANK0            0000D1-0000FF               2F
        BANK1            000100-0001FF              100
        BANK2            000200-0002FF              100
        BANK3            000300-0003FF              100
        BANK4            000400-0004FF              100
        BANK5            000500-0005FF              100
        BANK6            000600-0006FF              100
        BANK7            000700-0007FF              100
        BIGRAM           00005C-00005F                4
                         0000D1-0007FF              72F
        CODE             000004-000007                4
                         00000E-000017                A
                         0000C0-0007FF              740
                         0034AB-0034AB                1
                         003506-007FFF             4AFA
        COMRAM           00005C-00005F                4
        CONST            000004-000007                4
                         00000E-000017                A
                         0000C0-0007FF              740
                         0034AB-0034AB                1
                         003506-007FFF             4AFA
        EEDATA           F00000-F000FF              100
        MEDIUMCONST      0034AB-0034AB                1
                         003506-007FFF             4AFA
        RAM              0000D1-0007FF              100
        SFR              000F60-000FFF               A0
        SMALLCONST       0034AB-0034AB                1
                         003506-007FFF              100
        STACK            0000D1-0007FF              72F

                                  Symbol Table

?___aodiv                      cstackCOMRAM 000005
?___aomod                      cstackCOMRAM 000005
?___awmod                      cstackCOMRAM 000053
?___fldiv                      cstackCOMRAM 000030
?___flmul                      cstackCOMRAM 000017
?___fltol                      cstackCOMRAM 000049
?___lldiv                      cstackCOMRAM 000005
?___wmul                       cstackCOMRAM 000005
?___xxtofl                     cstackCOMRAM 000009
?_abs                          cstackCOMRAM 000017
?_adcGetValue                  cstackCOMRAM 000005
?_atoi                         cstackCOMRAM 00000C
?_dtoa                         cstackCOMRAM 000020
?_isdigit                      cstackCOMRAM 000005
?_isspace                      cstackCOMRAM 000005
?_pad                          cstackCOMRAM 000015
?_sprintf                      cstackBANK0  000072
?_strlen                       cstackCOMRAM 000005
?_vfpfcnvrt                    cstackCOMRAM 000044
?_vfprintf                     cstackBANK0  00006C
Lcd_Chr_CP@data                cstackCOMRAM 000007
Lcd_Cmd@data                   cstackCOMRAM 000007
Lcd_Init@i                     cstackCOMRAM 000009
Lcd_Out@buffer                 cstackCOMRAM 000009
Lcd_Out@data                   cstackCOMRAM 00000E
Lcd_Out@x                      cstackCOMRAM 000008
Lcd_Out@y                      cstackCOMRAM 00000D
_ADCON0bits                    (abs)        000FC2
_ADCON1bits                    (abs)        000FC1
_ADCON2bits                    (abs)        000FC0
_ADRES                         (abs)        000FC3
_BAUDCONbits                   (abs)        000FB8
_GO_nDONE                      (abs)        007E11
_INTCON2bits                   (abs)        000FF1
_INTCONbits                    (abs)        000FF2
_IPR1bits                      (abs)        000F9F
_IPR2bits                      (abs)        000FA2
_LATAbits                      (abs)        000F89
_LATCbits                      (abs)        000F8B
_LATDbits                      (abs)        000F8C
_LATEbits                      (abs)        000F8D
_Lcd_Chr_CP                    text52       00238E
_Lcd_Cmd                       text51       0024DC
_Lcd_Init                      text21       002B7E
_Lcd_Out                       text50       002926
_PIE1bits                      (abs)        000F9D
_PIE2bits                      (abs)        000FA0
_PIR1bits                      (abs)        000F9E
_PIR2bits                      (abs)        000FA1
_PORTAbits                     (abs)        000F80
_PORTB                         (abs)        000F81
_PORTBbits                     (abs)        000F81
_PR2                           (abs)        000FCB
_RCIE                          (abs)        007CED
_RCIF                          (abs)        007CF5
_RCONbits                      (abs)        000FD0
_RCREG                         (abs)        000FAE
_RCSTAbits                     (abs)        000FAB
_SPBRG                         (abs)        000FAF
_T0CONbits                     (abs)        000FD5
_T2CONbits                     (abs)        000FCA
_T3CONbits                     (abs)        000FB1
_TMR0                          (abs)        000FD6
_TMR0IE                        (abs)        007F95
_TMR0IF                        (abs)        007F92
_TMR2                          (abs)        000FCC
_TMR3                          (abs)        000FB2
_TMR3IE                        (abs)        007D01
_TMR3IF                        (abs)        007D09
_TRISAbits                     (abs)        000F92
_TRISB                         (abs)        000F93
_TRISCbits                     (abs)        000F94
_TRISDbits                     (abs)        000F95
_TRISEbits                     (abs)        000F96
_TXSTAbits                     (abs)        000FAC
__HRAM                         (abs)        000000
__Habs1                        abs1         000000
__Hbank0                       bank0        000000
__Hbank1                       bank1        000000
__Hbank2                       bank2        000000
__Hbank3                       bank3        000000
__Hbank4                       bank4        000000
__Hbank5                       bank5        000000
__Hbank6                       bank6        000000
__Hbank7                       bank7        000000
__Hbigbss                      bigbss       000000
__Hbigdata                     bigdata      000000
__Hbigram                      bigram       000000
__Hbss                         bss          000000
__HbssBANK0                    bssBANK0     000000
__HbssCOMRAM                   bssCOMRAM    000000
__Hcinit                       cinit        000000
__Hclrtext                     clrtext      000000
__Hcomram                      comram       000000
__Hconfig                      config       30000E
__Hconst                       const        000000
__HcstackBANK0                 cstackBANK0  000000
__HcstackCOMRAM                cstackCOMRAM 000000
__Hdata                        data         000000
__HdataBANK0                   dataBANK0    000000
__Heeprom_data                 eeprom_data  000000
__Hfarbss                      farbss       000000
__Hfardata                     fardata      000000
__Hibigdata                    ibigdata     000000
__Hidata                       idata        000000
__HidataBANK0                  idataBANK0   000000
__Hidloc                       idloc        200008
__Hifardata                    ifardata     000000
__Hinit                        init         0000C0
__Hintcode                     intcode      00000E
__Hintcode_body                intcode_body 000000
__Hintcodelo                   intcodelo    0000BC
__Hintentry                    intentry     000000
__Hintret                      intret       000000
__Hintsave_regs                intsave_regs 000000
__Hirdata                      irdata       000000
__Hmediumconst                 mediumconst  000000
__HnvFARRAM                    nvFARRAM     000000
__Hnvbit                       nvbit        000000
__Hnvrram                      nvrram       000000
__Hparam                       rparam       000000
__Hpowerup                     powerup      0000BC
__Hram                         ram          000000
__Hramtop                      ramtop       000800
__Hrbit                        rbit         000000
__Hrbss                        rbss         000000
__Hrdata                       rdata        000000
__Hreset_vec                   reset_vec    000004
__Hrparam                      rparam       000000
__Hsfr                         sfr          000000
__Hsmallconst                  smallconst   00085C
__Hspace_0                     (abs)        003506
__Hspace_1                     (abs)        0000D1
__Hspace_2                     (abs)        000000
__Hspace_4                     (abs)        60000E
__Hstack                       stack        000000
__Hstruct                      struct       000000
__Htemp                        temp         00005C
__Htext                        text         000000
__Htext0                       text0        000000
__Htext1                       text1        000000
__Htext10                      text10       000000
__Htext11                      text11       000000
__Htext12                      text12       000000
__Htext13                      text13       000000
__Htext14                      text14       000000
__Htext15                      text15       000000
__Htext16                      text16       000000
__Htext17                      text17       000000
__Htext18                      text18       000000
__Htext19                      text19       000000
__Htext2                       text2        000000
__Htext20                      text20       000000
__Htext21                      text21       000000
__Htext22                      text22       000000
__Htext23                      text23       000000
__Htext24                      text24       000000
__Htext25                      text25       000000
__Htext26                      text26       000000
__Htext27                      text27       000000
__Htext28                      text28       000000
__Htext29                      text29       000000
__Htext3                       text3        000000
__Htext30                      text30       000000
__Htext31                      text31       000000
__Htext32                      text32       000000
__Htext33                      text33       000000
__Htext34                      text34       000000
__Htext35                      text35       000000
__Htext36                      text36       000000
__Htext37                      text37       000000
__Htext38                      text38       000000
__Htext39                      text39       000000
__Htext4                       text4        000000
__Htext40                      text40       000000
__Htext41                      text41       000000
__Htext42                      text42       000000
__Htext43                      text43       000000
__Htext44                      text44       000000
__Htext45                      text45       000000
__Htext46                      text46       000000
__Htext47                      text47       000000
__Htext48                      text48       000000
__Htext49                      text49       000000
__Htext5                       text5        000000
__Htext50                      text50       000000
__Htext51                      text51       000000
__Htext52                      text52       000000
__Htext6                       text6        000000
__Htext7                       text7        000000
__Htext8                       text8        000000
__Htext9                       text9        000000
__LRAM                         (abs)        000001
__Labs1                        abs1         000000
__Lbank0                       bank0        000000
__Lbank1                       bank1        000000
__Lbank2                       bank2        000000
__Lbank3                       bank3        000000
__Lbank4                       bank4        000000
__Lbank5                       bank5        000000
__Lbank6                       bank6        000000
__Lbank7                       bank7        000000
__Lbigbss                      bigbss       000000
__Lbigdata                     bigdata      000000
__Lbigram                      bigram       000000
__Lbss                         bss          000000
__LbssBANK0                    bssBANK0     000000
__LbssCOMRAM                   bssCOMRAM    000000
__Lcinit                       cinit        000000
__Lclrtext                     clrtext      000000
__Lcomram                      comram       000000
__Lconfig                      config       000000
__Lconst                       const        000000
__LcstackBANK0                 cstackBANK0  000000
__LcstackCOMRAM                cstackCOMRAM 000000
__Ldata                        data         000000
__LdataBANK0                   dataBANK0    000000
__Leeprom_data                 eeprom_data  000000
__Lfarbss                      farbss       000000
__Lfardata                     fardata      000000
__Libigdata                    ibigdata     000000
__Lidata                       idata        000000
__LidataBANK0                  idataBANK0   000000
__Lidloc                       idloc        000000
__Lifardata                    ifardata     000000
__Linit                        init         0000BC
__Lintcode                     intcode      000008
__Lintcode_body                intcode_body 000000
__Lintcodelo                   intcodelo    000018
__Lintentry                    intentry     000000
__Lintret                      intret       000000
__Lintsave_regs                intsave_regs 000000
__Lirdata                      irdata       000000
__Lmediumconst                 mediumconst  000000
__LnvFARRAM                    nvFARRAM     000000
__Lnvbit                       nvbit        000000
__Lnvrram                      nvrram       000000
__Lparam                       rparam       000000
__Lpowerup                     powerup      0000BC
__Lram                         ram          000000
__Lramtop                      ramtop       000800
__Lrbit                        rbit         000000
__Lrbss                        rbss         000000
__Lrdata                       rdata        000000
__Lreset_vec                   reset_vec    000000
__Lrparam                      rparam       000000
__Lsfr                         sfr          000000
__Lsmallconst                  smallconst   000800
__Lspace_0                     (abs)        000000
__Lspace_1                     (abs)        000000
__Lspace_2                     (abs)        000000
__Lspace_4                     (abs)        000000
__Lstack                       stack        000000
__Lstruct                      struct       000000
__Ltemp                        temp         00005B
__Ltext                        text         000000
__Ltext0                       text0        000000
__Ltext1                       text1        000000
__Ltext10                      text10       000000
__Ltext11                      text11       000000
__Ltext12                      text12       000000
__Ltext13                      text13       000000
__Ltext14                      text14       000000
__Ltext15                      text15       000000
__Ltext16                      text16       000000
__Ltext17                      text17       000000
__Ltext18                      text18       000000
__Ltext19                      text19       000000
__Ltext2                       text2        000000
__Ltext20                      text20       000000
__Ltext21                      text21       000000
__Ltext22                      text22       000000
__Ltext23                      text23       000000
__Ltext24                      text24       000000
__Ltext25                      text25       000000
__Ltext26                      text26       000000
__Ltext27                      text27       000000
__Ltext28                      text28       000000
__Ltext29                      text29       000000
__Ltext3                       text3        000000
__Ltext30                      text30       000000
__Ltext31                      text31       000000
__Ltext32                      text32       000000
__Ltext33                      text33       000000
__Ltext34                      text34       000000
__Ltext35                      text35       000000
__Ltext36                      text36       000000
__Ltext37                      text37       000000
__Ltext38                      text38       000000
__Ltext39                      text39       000000
__Ltext4                       text4        000000
__Ltext40                      text40       000000
__Ltext41                      text41       000000
__Ltext42                      text42       000000
__Ltext43                      text43       000000
__Ltext44                      text44       000000
__Ltext45                      text45       000000
__Ltext46                      text46       000000
__Ltext47                      text47       000000
__Ltext48                      text48       000000
__Ltext49                      text49       000000
__Ltext5                       text5        000000
__Ltext50                      text50       000000
__Ltext51                      text51       000000
__Ltext52                      text52       000000
__Ltext6                       text6        000000
__Ltext7                       text7        000000
__Ltext8                       text8        000000
__Ltext9                       text9        000000
__S0                           (abs)        003506
__S1                           (abs)        0000D1
__S2                           (abs)        000000
__S4                           (abs)        000000
__S5                           (abs)        000000
___aodiv                       text44       001F2C
___aodiv@counter               cstackCOMRAM 000015
___aodiv@dividend              cstackCOMRAM 000005
___aodiv@divisor               cstackCOMRAM 00000D
___aodiv@quotient              cstackCOMRAM 000017
___aodiv@sign                  cstackCOMRAM 000016
___aomod                       text43       00222A
___aomod@counter               cstackCOMRAM 000015
___aomod@dividend              cstackCOMRAM 000005
___aomod@divisor               cstackCOMRAM 00000D
___aomod@sign                  cstackCOMRAM 000016
___awmod                       text14       002C3E
___awmod@counter               cstackBANK0  000060
___awmod@dividend              cstackCOMRAM 000053
___awmod@divisor               cstackCOMRAM 000055
___awmod@sign                  cstackBANK0  000061
___fldiv                       text13       000C86
___fldiv@a                     cstackCOMRAM 000034
___fldiv@aexp                  cstackCOMRAM 000048
___fldiv@b                     cstackCOMRAM 000030
___fldiv@bexp                  cstackCOMRAM 000047
___fldiv@grs                   cstackCOMRAM 000043
___fldiv@new_exp               cstackCOMRAM 000041
___fldiv@rem                   cstackCOMRAM 00003C
___fldiv@sign                  cstackCOMRAM 000040
___flmul                       text12       00085C
___flmul@a                     cstackCOMRAM 00001B
___flmul@aexp                  cstackCOMRAM 000028
___flmul@b                     cstackCOMRAM 000017
___flmul@bexp                  cstackCOMRAM 000029
___flmul@grs                   cstackCOMRAM 000024
___flmul@prod                  cstackCOMRAM 00002A
___flmul@sign                  cstackCOMRAM 000023
___flmul@temp                  cstackCOMRAM 00002E
___fltol                       text11       002722
___fltol@exp1                  cstackCOMRAM 000052
___fltol@f1                    cstackCOMRAM 000049
___fltol@sign1                 cstackCOMRAM 000051
___inthi_sp                    stack        000000
___intlo_sp                    stack        000000
___lldiv                       text17       002CF0
___lldiv@counter               cstackCOMRAM 000011
___lldiv@dividend              cstackCOMRAM 000005
___lldiv@divisor               cstackCOMRAM 000009
___lldiv@quotient              cstackCOMRAM 00000D
___param_bank                  (abs)        000000
___rparam_used                 (abs)        000001
___sp                          stack        000000
___wmul                        text48       00346C
___wmul@multiplicand           cstackCOMRAM 000007
___wmul@multiplier             cstackCOMRAM 000005
___wmul@product                cstackCOMRAM 000009
___xxtofl                      text10       001A3C
___xxtofl@arg                  cstackCOMRAM 000013
___xxtofl@exp                  cstackCOMRAM 000012
___xxtofl@sign                 cstackCOMRAM 000011
___xxtofl@val                  cstackCOMRAM 000009
__accesstop                    (abs)        000060
__activetblptr                 (abs)        000002
__end_of_Lcd_Chr_CP            text52       0024DC
__end_of_Lcd_Cmd               text51       002606
__end_of_Lcd_Init              text21       002C3E
__end_of_Lcd_Out               text50       0029F2
__end_of___aodiv               text44       0020B4
__end_of___aomod               text43       00238E
__end_of___awmod               text14       002CF0
__end_of___fldiv               text13       001020
__end_of___flmul               text12       000C86
__end_of___fltol               text11       002828
__end_of___lldiv               text17       002D94
__end_of___wmul                text48       003492
__end_of___xxtofl              text10       001BF0
__end_of__initialization       cinit        0032E0
__end_of_abs                   text42       00332E
__end_of_adcGetValue           text9        00336A
__end_of_adcInit               text24       003192
__end_of_appADC                text8        001D9C
__end_of_appBat                text7        001A3C
__end_of_appCounterInit        text23       0034F0
__end_of_appCounterStart       text30       003504
__end_of_appCounterStop        text6        0034FC
__end_of_appElemts             text5        003268
__end_of_appGetElements        text1        002F8C
__end_of_appISRConfig          text22       0034F8
__end_of_appInit               text15       0033A6
__end_of_appLCD_Init           text20       002EAA
__end_of_appStateInitial       text3        0031DA
__end_of_appStateRecolectData  text2        002E26
__end_of_appSubGetData         text31       002926
__end_of_appSubGiveElemts      text27       0034DA
__end_of_appTimerInit          text19       003442
__end_of_appTimerStart         text26       0034E6
__end_of_appTimerStop          text25       003500
__end_of_atoi                  text45       001F2C
__end_of_dtoa                  text36       00166A
__end_of_fputc                 text40       002ABC
__end_of_fputs                 text39       0032AC
__end_of_isdigit               text47       0033DE
__end_of_isrH                  intcode_body 00304C
__end_of_isrL                  intcodelo    0000BC
__end_of_isspace               text46       003148
__end_of_main                  text0        002F1C
__end_of_memset                text49       00222A
__end_of_pad                   text37       002B7E
__end_of_putch                 text41       003506
__end_of_servoInit             text18       0034C4
__end_of_setServo              text28       00346C
__end_of_setServoAngle         text29       002722
__end_of_sprintf               text33       0030F6
__end_of_strlen                text38       003414
__end_of_teclado               text32       001854
__end_of_uart_Init             text16       0030A4
__end_of_vfpfcnvrt             text35       00138C
__end_of_vfprintf              text34       002FEE
__end_of_warning               text4        003222
__initialization               cinit        0032AC
__mediumconst                  mediumconst  000000
__pbssBANK0                    bssBANK0     00008E
__pbssCOMRAM                   bssCOMRAM    000057
__pcinit                       cinit        0032AC
__pcstackBANK0                 cstackBANK0  000060
__pcstackCOMRAM                cstackCOMRAM 000001
__pdataBANK0                   dataBANK0    0000B8
__pidataBANK0                  idataBANK0   003492
__pintcode                     intcode      000008
__pintcode_body                intcode_body 002FEE
__pintcodelo                   intcodelo    000018
__psmallconst                  smallconst   000800
__ptext0                       text0        002EAA
__ptext1                       text1        002F1C
__ptext10                      text10       001A3C
__ptext11                      text11       002722
__ptext12                      text12       00085C
__ptext13                      text13       000C86
__ptext14                      text14       002C3E
__ptext15                      text15       00336A
__ptext16                      text16       00304C
__ptext17                      text17       002CF0
__ptext18                      text18       0034AC
__ptext19                      text19       003414
__ptext2                       text2        002D94
__ptext20                      text20       002E26
__ptext21                      text21       002B7E
__ptext22                      text22       0034F0
__ptext23                      text23       0034E6
__ptext24                      text24       003148
__ptext25                      text25       0034FC
__ptext26                      text26       0034DA
__ptext27                      text27       0034C4
__ptext28                      text28       003442
__ptext29                      text29       002606
__ptext3                       text3        003192
__ptext30                      text30       003500
__ptext31                      text31       002828
__ptext32                      text32       00166A
__ptext33                      text33       0030A4
__ptext34                      text34       002F8C
__ptext35                      text35       001020
__ptext36                      text36       00138C
__ptext37                      text37       002ABC
__ptext38                      text38       0033DE
__ptext39                      text39       003268
__ptext4                       text4        0031DA
__ptext40                      text40       0029F2
__ptext41                      text41       003504
__ptext42                      text42       0032EE
__ptext43                      text43       00222A
__ptext44                      text44       001F2C
__ptext45                      text45       001D9C
__ptext46                      text46       0030F6
__ptext47                      text47       0033A6
__ptext48                      text48       00346C
__ptext49                      text49       0020B4
__ptext5                       text5        003222
__ptext50                      text50       002926
__ptext51                      text51       0024DC
__ptext52                      text52       00238E
__ptext6                       text6        0034F8
__ptext7                       text7        001854
__ptext8                       text8        001BF0
__ptext9                       text9        00332E
__ramtop                       ramtop       000800
__size_of_Lcd_Chr_CP           (abs)        000000
__size_of_Lcd_Cmd              (abs)        000000
__size_of_Lcd_Init             (abs)        000000
__size_of_Lcd_Out              (abs)        000000
__size_of___aodiv              (abs)        000000
__size_of___aomod              (abs)        000000
__size_of___awmod              (abs)        000000
__size_of___fldiv              (abs)        000000
__size_of___flmul              (abs)        000000
__size_of___fltol              (abs)        000000
__size_of___lldiv              (abs)        000000
__size_of___wmul               (abs)        000000
__size_of___xxtofl             (abs)        000000
__size_of_abs                  (abs)        000000
__size_of_adcGetValue          (abs)        000000
__size_of_adcInit              (abs)        000000
__size_of_appADC               (abs)        000000
__size_of_appBat               (abs)        000000
__size_of_appCounterInit       (abs)        000000
__size_of_appCounterStart      (abs)        000000
__size_of_appCounterStop       (abs)        000000
__size_of_appElemts            (abs)        000000
__size_of_appGetElements       (abs)        000000
__size_of_appISRConfig         (abs)        000000
__size_of_appInit              (abs)        000000
__size_of_appLCD_Init          (abs)        000000
__size_of_appStateInitial      (abs)        000000
__size_of_appStateRecolectData (abs)        000000
__size_of_appSubGetData        (abs)        000000
__size_of_appSubGiveElemts     (abs)        000000
__size_of_appTimerInit         (abs)        000000
__size_of_appTimerStart        (abs)        000000
__size_of_appTimerStop         (abs)        000000
__size_of_atoi                 (abs)        000000
__size_of_dtoa                 (abs)        000000
__size_of_fputc                (abs)        000000
__size_of_fputs                (abs)        000000
__size_of_isdigit              (abs)        000000
__size_of_isrH                 (abs)        000000
__size_of_isrL                 (abs)        000000
__size_of_isspace              (abs)        000000
__size_of_main                 (abs)        000000
__size_of_memset               (abs)        000000
__size_of_pad                  (abs)        000000
__size_of_putch                (abs)        000000
__size_of_servoInit            (abs)        000000
__size_of_setServo             (abs)        000000
__size_of_setServoAngle        (abs)        000000
__size_of_sprintf              (abs)        000000
__size_of_strlen               (abs)        000000
__size_of_teclado              (abs)        000000
__size_of_uart_Init            (abs)        000000
__size_of_vfpfcnvrt            (abs)        000000
__size_of_vfprintf             (abs)        000000
__size_of_warning              (abs)        000000
__smallconst                   smallconst   000800
_abs                           text42       0032EE
_adcGetValue                   text9        00332E
_adcInit                       text24       003148
_appADC                        text8        001BF0
_appBat                        text7        001854
_appBat$2594                   cstackBANK0  000088
_appCounterInit                text23       0034E6
_appCounterStart               text30       003500
_appCounterStop                text6        0034F8
_appElemts                     text5        003222
_appGetElements                text1        002F1C
_appISRConfig                  text22       0034F0
_appInit                       text15       00336A
_appLCD_Init                   text20       002E26
_appStateInitial               text3        003192
_appStateRecolectData          text2        002D94
_appSubGetData                 text31       002828
_appSubGiveElemts              text27       0034C4
_appTimerInit                  text19       003414
_appTimerStart                 text26       0034DA
_appTimerStop                  text25       0034FC
_atoi                          text45       001D9C
_atoi$2317                     cstackCOMRAM 000014
_atoi$2318                     cstackCOMRAM 000018
_atoi$2319                     cstackCOMRAM 000016
_datos                         dataBANK0    0000B8
_dbuf                          bssBANK0     000098
_dtoa                          text36       00138C
_dtoa$2282                     cstackCOMRAM 000032
_flags                         bssCOMRAM    000059
_fputc                         text40       0029F2
_fputs                         text39       003268
_isdigit                       text47       0033A6
_isrH                          intcode      000008
_isrL                          intcodelo    000018
_isspace                       text46       0030F6
_isspace$2335                  cstackCOMRAM 00000B
_main                          text0        002EAA
_memset                        text49       0020B4
_nout                          bssBANK0     000094
_pad                           text37       002ABC
_prec                          bssCOMRAM    000057
_putch                         text41       003504
_servoInit                     text18       0034AC
_setServo                      text28       003442
_setServoAngle                 text29       002606
_sprintf                       text33       0030A4
_strlen                        text38       0033DE
_teclado                       text32       00166A
_uart_Init                     text16       00304C
_vfpfcnvrt                     text35       001020
_vfpfcnvrt$2297                cstackBANK0  00006A
_vfprintf                      text34       002F8C
_warning                       text4        0031DA
_width                         bssBANK0     000096
abs@a                          cstackCOMRAM 000017
adcGetValue@PinADC             cstackCOMRAM 000008
adcInit@ADC_PINs               cstackCOMRAM 000006
appADC@data                    cstackBANK0  000084
appADC@lm35val                 cstackBANK0  000086
appBat@data                    cstackBANK0  000084
appCounterInit@reload          cstackCOMRAM 000005
appElemts@dataout              cstackBANK0  000086
appElemts@elements             cstackBANK0  000084
appSubGetData@cantidad         cstackBANK0  000086
appSubGetData@data_Inout       cstackBANK0  000084
appSubGetData@inout            cstackBANK0  000088
appSubGiveElemts@data          cstackCOMRAM 00000D
atoi@n                         cstackCOMRAM 000019
atoi@neg                       cstackCOMRAM 000012
atoi@s                         cstackCOMRAM 00000C
btemp                          temp         00005B
dtoa@d                         cstackCOMRAM 000022
dtoa@fp                        cstackCOMRAM 000020
dtoa@i                         cstackCOMRAM 000042
dtoa@n                         cstackCOMRAM 00003A
dtoa@p                         cstackCOMRAM 000034
dtoa@s                         cstackCOMRAM 000038
dtoa@w                         cstackCOMRAM 000036
end_of_initialization          cinit        0032E0
fputc@c                        cstackCOMRAM 000005
fputc@fp                       cstackCOMRAM 000007
fputs@c                        cstackCOMRAM 000012
fputs@fp                       cstackCOMRAM 000010
fputs@i                        cstackCOMRAM 000013
fputs@s                        cstackCOMRAM 00000E
int$flags                      temp         00005B
int_func                       intcode_body 002FEE
intlevel0                      text         000000
intlevel1                      text         000000
intlevel2                      text         000000
intlevel3                      text         000000
isdigit@c                      cstackCOMRAM 000005
isspace@c                      cstackCOMRAM 000005
memset@c                       cstackCOMRAM 000007
memset@dest                    cstackCOMRAM 000005
memset@k                       cstackCOMRAM 00000D
memset@n                       cstackCOMRAM 000009
memset@s                       cstackCOMRAM 00000F
pad@buf                        cstackCOMRAM 000017
pad@fp                         cstackCOMRAM 000015
pad@i                          cstackCOMRAM 00001C
pad@p                          cstackCOMRAM 000019
pad@w                          cstackCOMRAM 00001E
setServo@angle                 cstackCOMRAM 00000B
setServo@i                     cstackCOMRAM 00000C
setServo@pin                   cstackCOMRAM 00000A
setServo@pulsos                cstackCOMRAM 000009
setServoAngle@angle            cstackCOMRAM 000008
setServoAngle@pin              cstackCOMRAM 000005
sprintf@ap                     cstackBANK0  00007C
sprintf@f                      cstackBANK0  00007E
sprintf@fmt                    cstackBANK0  000074
sprintf@s                      cstackBANK0  000072
stackhi                        (abs)        0007FF
stacklo                        (abs)        0000D1
start                          init         0000BC
start_initialization           cinit        0032AC
strlen@a                       cstackCOMRAM 000007
strlen@s                       cstackCOMRAM 000005
teclado@valor                  cstackCOMRAM 000005
ttemp5                         temp         00005C
ttemp6                         temp         00005F
ttemp7                         temp         000063
uart_Init@baud                 cstackCOMRAM 000012
vfpfcnvrt@ap                   cstackCOMRAM 000048
vfpfcnvrt@done                 cstackBANK0  000068
vfpfcnvrt@fmt                  cstackCOMRAM 000046
vfpfcnvrt@fp                   cstackCOMRAM 000044
vfpfcnvrt@ll                   cstackBANK0  000060
vfprintf@ap                    cstackBANK0  000070
vfprintf@cfmt                  cstackCOMRAM 00004E
vfprintf@fmt                   cstackBANK0  00006E
vfprintf@fp                    cstackBANK0  00006C
wtemp8                         temp         00005C


FUNCTION INFORMATION:

 *************** function _main *****************
 Defined at:
		line 12 in file "main.c"
 Parameters:    Size  Location     Type
		None
 Auto vars:     Size  Location     Type
		None
 Return value:  Size  Location     Type
                  1    wreg      void 
 Registers used:
		wreg, fsr1l, fsr1h, fsr2l, fsr2h, status,2, status,0, pclath, tosl, tblptrl, tblptrh, tblptru, prodl, prodh, cstack
 Tracked objects:
		On entry : 
		On exit  : 
		Unchanged: 
 Data sizes:     COMRAM   BANK0   BANK1   BANK2   BANK3   BANK4   BANK5   BANK6   BANK7
      Params:         0       0       0       0       0       0       0       0       0
      Locals:         0       0       0       0       0       0       0       0       0
      Temps:          0       2       0       0       0       0       0       0       0
      Totals:         0       2       0       0       0       0       0       0       0
Total ram usage:        2 bytes
 Hardware stack levels required when called:   12
 This function calls:
		_appGetElements
		_appInit
		_appStateInitial
		_appStateRecolectData
		_warning
 This function is called by:
		Startup code after reset
 This function uses a non-reentrant model


 *************** function _appGetElements *****************
 Defined at:
		line 69 in file "app.c"
 Parameters:    Size  Location     Type
		None
 Auto vars:     Size  Location     Type
		None
 Return value:  Size  Location     Type
                  1    wreg      void 
 Registers used:
		wreg, fsr1l, fsr1h, fsr2l, fsr2h, status,2, status,0, tblptrl, tblptrh, tblptru, prodl, prodh, cstack
 Tracked objects:
		On entry : 
		On exit  : 
		Unchanged: 
 Data sizes:     COMRAM   BANK0   BANK1   BANK2   BANK3   BANK4   BANK5   BANK6   BANK7
      Params:         0       0       0       0       0       0       0       0       0
      Locals:         0       0       0       0       0       0       0       0       0
      Temps:          0       2       0       0       0       0       0       0       0
      Totals:         0       2       0       0       0       0       0       0       0
Total ram usage:        2 bytes
 Hardware stack levels used:    1
 Hardware stack levels required when called:   11
 This function calls:
		_Lcd_Cmd
		_appSubGetData
		_appSubGiveElemts
		_appTimerStart
		_appTimerStop
 This function is called by:
		_isrL
		_main
 This function uses a non-reentrant model


 *************** function _appStateRecolectData *****************
 Defined at:
		line 35 in file "app.c"
 Parameters:    Size  Location     Type
		None
 Auto vars:     Size  Location     Type
		None
 Return value:  Size  Location     Type
                  1    wreg      void 
 Registers used:
		wreg, fsr1l, fsr1h, fsr2l, fsr2h, status,2, status,0, tblptrl, tblptrh, tblptru, prodl, prodh, cstack
 Tracked objects:
		On entry : 
		On exit  : 
		Unchanged: 
 Data sizes:     COMRAM   BANK0   BANK1   BANK2   BANK3   BANK4   BANK5   BANK6   BANK7
      Params:         0       0       0       0       0       0       0       0       0
      Locals:         0       0       0       0       0       0       0       0       0
      Temps:          0       0       0       0       0       0       0       0       0
      Totals:         0       0       0       0       0       0       0       0       0
Total ram usage:        0 bytes
 Hardware stack levels used:    1
 Hardware stack levels required when called:   11
 This function calls:
		_appADC
		_appBat
		_appCounterStop
		_appElemts
		_setServo
 This function is called by:
		_isrL
		_main
 This function uses a non-reentrant model


 *************** function _appStateInitial *****************
 Defined at:
		line 54 in file "app.c"
 Parameters:    Size  Location     Type
		None
 Auto vars:     Size  Location     Type
		None
 Return value:  Size  Location     Type
                  1    wreg      void 
 Registers used:
		wreg, fsr2l, fsr2h, status,2, status,0, cstack
 Tracked objects:
		On entry : 
		On exit  : 
		Unchanged: 
 Data sizes:     COMRAM   BANK0   BANK1   BANK2   BANK3   BANK4   BANK5   BANK6   BANK7
      Params:         0       0       0       0       0       0       0       0       0
      Locals:         0       0       0       0       0       0       0       0       0
      Temps:          0       0       0       0       0       0       0       0       0
      Totals:         0       0       0       0       0       0       0       0       0
Total ram usage:        0 bytes
 Hardware stack levels used:    1
 Hardware stack levels required when called:    4
 This function calls:
		_setServo
		_teclado
 This function is called by:
		_appStateRecolectData
		_appGetElements
		_main
 This function uses a non-reentrant model


 *************** function _warning *****************
 Defined at:
		line 110 in file "app.c"
 Parameters:    Size  Location     Type
		None
 Auto vars:     Size  Location     Type
		None
 Return value:  Size  Location     Type
                  1    wreg      void 
 Registers used:
		wreg, fsr1l, fsr1h, status,2, status,0, tblptrl, tblptrh, tblptru, cstack
 Tracked objects:
		On entry : 
		On exit  : 
		Unchanged: 
 Data sizes:     COMRAM   BANK0   BANK1   BANK2   BANK3   BANK4   BANK5   BANK6   BANK7
      Params:         0       0       0       0       0       0       0       0       0
      Locals:         0       0       0       0       0       0       0       0       0
      Temps:          2       0       0       0       0       0       0       0       0
      Totals:         2       0       0       0       0       0       0       0       0
Total ram usage:        2 bytes
 Hardware stack levels used:    1
 Hardware stack levels required when called:    4
 This function calls:
		_Lcd_Cmd
		_Lcd_Out
 This function is called by:
		_isrH
		_main
 This function uses a non-reentrant model


 *************** function _appElemts *****************
 Defined at:
		line 151 in file "servo.c"
 Parameters:    Size  Location     Type
  elements        2   36[BANK0 ] PTR const short 
		 -> datos.elements(2), datos(25), 
 Auto vars:     Size  Location     Type
  dataout         6   38[BANK0 ] unsigned char [6]
 Return value:  Size  Location     Type
                  1    wreg      void 
 Registers used:
		wreg, fsr1l, fsr1h, fsr2l, fsr2h, status,2, status,0, tblptrl, tblptrh, tblptru, prodl, prodh, cstack
 Tracked objects:
		On entry : 
		On exit  : 
		Unchanged: 
 Data sizes:     COMRAM   BANK0   BANK1   BANK2   BANK3   BANK4   BANK5   BANK6   BANK7
      Params:         0       2       0       0       0       0       0       0       0
      Locals:         0       6       0       0       0       0       0       0       0
      Temps:          0       0       0       0       0       0       0       0       0
      Totals:         0       8       0       0       0       0       0       0       0
Total ram usage:        8 bytes
 Hardware stack levels used:    1
 Hardware stack levels required when called:   10
 This function calls:
		_Lcd_Out
		_sprintf
 This function is called by:
		_appStateRecolectData
 This function uses a non-reentrant model


 *************** function _appCounterStop *****************
 Defined at:
		line 146 in file "servo.c"
 Parameters:    Size  Location     Type
		None
 Auto vars:     Size  Location     Type
		None
 Return value:  Size  Location     Type
                  1    wreg      void 
 Registers used:
		None
 Tracked objects:
		On entry : 
		On exit  : 
		Unchanged: 
 Data sizes:     COMRAM   BANK0   BANK1   BANK2   BANK3   BANK4   BANK5   BANK6   BANK7
      Params:         0       0       0       0       0       0       0       0       0
      Locals:         0       0       0       0       0       0       0       0       0
      Temps:          0       0       0       0       0       0       0       0       0
      Totals:         0       0       0       0       0       0       0       0       0
Total ram usage:        0 bytes
 Hardware stack levels used:    1
 Hardware stack levels required when called:    2
 This function calls:
		Nothing
 This function is called by:
		_appStateRecolectData
 This function uses a non-reentrant model


 *************** function _appBat *****************
 Defined at:
		line 73 in file "adc.c"
 Parameters:    Size  Location     Type
  data            2   36[BANK0 ] PTR struct _state
		 -> datos(25), 
 Auto vars:     Size  Location     Type
		None
 Return value:  Size  Location     Type
                  1    wreg      void 
 Registers used:
		wreg, fsr1l, fsr1h, fsr2l, fsr2h, status,2, status,0, tblptrl, tblptrh, tblptru, prodl, prodh, cstack
 Tracked objects:
		On entry : 
		On exit  : 
		Unchanged: 
 Data sizes:     COMRAM   BANK0   BANK1   BANK2   BANK3   BANK4   BANK5   BANK6   BANK7
      Params:         0       2       0       0       0       0       0       0       0
      Locals:         0       4       0       0       0       0       0       0       0
      Temps:          0       2       0       0       0       0       0       0       0
      Totals:         0       8       0       0       0       0       0       0       0
Total ram usage:        8 bytes
 Hardware stack levels used:    1
 Hardware stack levels required when called:   10
 This function calls:
		_Lcd_Out
		___fldiv
		___flmul
		___fltol
		___xxtofl
		_adcGetValue
		_memset
		_sprintf
 This function is called by:
		_appStateRecolectData
 This function uses a non-reentrant model


 *************** function _appADC *****************
 Defined at:
		line 55 in file "adc.c"
 Parameters:    Size  Location     Type
  data            2   36[BANK0 ] PTR struct _state
		 -> datos(25), 
 Auto vars:     Size  Location     Type
  lm35val         4   38[BANK0 ] float 
 Return value:  Size  Location     Type
                  1    wreg      void 
 Registers used:
		wreg, fsr1l, fsr1h, fsr2l, fsr2h, status,2, status,0, tblptrl, tblptrh, tblptru, prodl, prodh, cstack
 Tracked objects:
		On entry : 
		On exit  : 
		Unchanged: 
 Data sizes:     COMRAM   BANK0   BANK1   BANK2   BANK3   BANK4   BANK5   BANK6   BANK7
      Params:         0       2       0       0       0       0       0       0       0
      Locals:         0       4       0       0       0       0       0       0       0
      Temps:          0       0       0       0       0       0       0       0       0
      Totals:         0       6       0       0       0       0       0       0       0
Total ram usage:        6 bytes
 Hardware stack levels used:    1
 Hardware stack levels required when called:   10
 This function calls:
		_Lcd_Out
		___awmod
		___fldiv
		___flmul
		___fltol
		___xxtofl
		_adcGetValue
		_memset
		_sprintf
 This function is called by:
		_appStateRecolectData
 This function uses a non-reentrant model


 *************** function _adcGetValue *****************
 Defined at:
		line 44 in file "adc.c"
 Parameters:    Size  Location     Type
  PinADC          1    wreg     unsigned char 
 Auto vars:     Size  Location     Type
  PinADC          1    7[COMRAM] unsigned char 
 Return value:  Size  Location     Type
                  2    4[COMRAM] unsigned short 
 Registers used:
		wreg, status,2, status,0
 Tracked objects:
		On entry : 
		On exit  : 
		Unchanged: 
 Data sizes:     COMRAM   BANK0   BANK1   BANK2   BANK3   BANK4   BANK5   BANK6   BANK7
      Params:         2       0       0       0       0       0       0       0       0
      Locals:         1       0       0       0       0       0       0       0       0
      Temps:          1       0       0       0       0       0       0       0       0
      Totals:         4       0       0       0       0       0       0       0       0
Total ram usage:        4 bytes
 Hardware stack levels used:    1
 Hardware stack levels required when called:    2
 This function calls:
		Nothing
 This function is called by:
		_appADC
		_appBat
 This function uses a non-reentrant model


 *************** function ___xxtofl *****************
 Defined at:
		line 10 in file "C:\Program Files\Microchip\xc8\v2.31\pic\sources\c99\common\xxtofl.c"
 Parameters:    Size  Location     Type
  sign            1    wreg     unsigned char 
  val             4    8[COMRAM] long 
 Auto vars:     Size  Location     Type
  sign            1   16[COMRAM] unsigned char 
  arg             4   18[COMRAM] unsigned long 
  exp             1   17[COMRAM] unsigned char 
 Return value:  Size  Location     Type
                  4    8[COMRAM] unsigned char 
 Registers used:
		wreg, status,2, status,0
 Tracked objects:
		On entry : 
		On exit  : 
		Unchanged: 
 Data sizes:     COMRAM   BANK0   BANK1   BANK2   BANK3   BANK4   BANK5   BANK6   BANK7
      Params:         4       0       0       0       0       0       0       0       0
      Locals:         6       0       0       0       0       0       0       0       0
      Temps:          4       0       0       0       0       0       0       0       0
      Totals:        14       0       0       0       0       0       0       0       0
Total ram usage:       14 bytes
 Hardware stack levels used:    1
 Hardware stack levels required when called:    2
 This function calls:
		Nothing
 This function is called by:
		_appADC
		_appBat
 This function uses a non-reentrant model


 *************** function ___fltol *****************
 Defined at:
		line 43 in file "C:\Program Files\Microchip\xc8\v2.31\pic\sources\c99\common\fltol.c"
 Parameters:    Size  Location     Type
  f1              4   72[COMRAM] unsigned char 
 Auto vars:     Size  Location     Type
  exp1            1   81[COMRAM] unsigned char 
  sign1           1   80[COMRAM] unsigned char 
 Return value:  Size  Location     Type
                  4   72[COMRAM] long 
 Registers used:
		wreg, status,2, status,0
 Tracked objects:
		On entry : 
		On exit  : 
		Unchanged: 
 Data sizes:     COMRAM   BANK0   BANK1   BANK2   BANK3   BANK4   BANK5   BANK6   BANK7
      Params:         4       0       0       0       0       0       0       0       0
      Locals:         2       0       0       0       0       0       0       0       0
      Temps:          4       0       0       0       0       0       0       0       0
      Totals:        10       0       0       0       0       0       0       0       0
Total ram usage:       10 bytes
 Hardware stack levels used:    1
 Hardware stack levels required when called:    2
 This function calls:
		Nothing
 This function is called by:
		_appADC
		_appBat
 This function uses a non-reentrant model


 *************** function ___flmul *****************
 Defined at:
		line 8 in file "C:\Program Files\Microchip\xc8\v2.31\pic\sources\c99\common\sprcmul.c"
 Parameters:    Size  Location     Type
  b               4   22[COMRAM] long 
  a               4   26[COMRAM] long 
 Auto vars:     Size  Location     Type
  prod            4   41[COMRAM] struct .
  grs             4   35[COMRAM] unsigned long 
  temp            2   45[COMRAM] struct .
  bexp            1   40[COMRAM] unsigned char 
  aexp            1   39[COMRAM] unsigned char 
  sign            1   34[COMRAM] unsigned char 
 Return value:  Size  Location     Type
                  4   22[COMRAM] unsigned char 
 Registers used:
		wreg, status,2, status,0, prodl, prodh
 Tracked objects:
		On entry : 
		On exit  : 
		Unchanged: 
 Data sizes:     COMRAM   BANK0   BANK1   BANK2   BANK3   BANK4   BANK5   BANK6   BANK7
      Params:         8       0       0       0       0       0       0       0       0
      Locals:        13       0       0       0       0       0       0       0       0
      Temps:          4       0       0       0       0       0       0       0       0
      Totals:        25       0       0       0       0       0       0       0       0
Total ram usage:       25 bytes
 Hardware stack levels used:    1
 Hardware stack levels required when called:    2
 This function calls:
		Nothing
 This function is called by:
		_appADC
		_appBat
 This function uses a non-reentrant model


 *************** function ___fldiv *****************
 Defined at:
		line 11 in file "C:\Program Files\Microchip\xc8\v2.31\pic\sources\c99\common\sprcdiv.c"
 Parameters:    Size  Location     Type
  b               4   47[COMRAM] unsigned char 
  a               4   51[COMRAM] unsigned char 
 Auto vars:     Size  Location     Type
  grs             4   66[COMRAM] unsigned long 
  rem             4   59[COMRAM] unsigned long 
  new_exp         2   64[COMRAM] short 
  aexp            1   71[COMRAM] unsigned char 
  bexp            1   70[COMRAM] unsigned char 
  sign            1   63[COMRAM] unsigned char 
 Return value:  Size  Location     Type
                  4   47[COMRAM] unsigned char 
 Registers used:
		wreg, status,2, status,0
 Tracked objects:
		On entry : 
		On exit  : 
		Unchanged: 
 Data sizes:     COMRAM   BANK0   BANK1   BANK2   BANK3   BANK4   BANK5   BANK6   BANK7
      Params:         8       0       0       0       0       0       0       0       0
      Locals:        13       0       0       0       0       0       0       0       0
      Temps:          4       0       0       0       0       0       0       0       0
      Totals:        25       0       0       0       0       0       0       0       0
Total ram usage:       25 bytes
 Hardware stack levels used:    1
 Hardware stack levels required when called:    2
 This function calls:
		Nothing
 This function is called by:
		_appADC
		_appBat
 This function uses a non-reentrant model


 *************** function ___awmod *****************
 Defined at:
		line 7 in file "C:\Program Files\Microchip\xc8\v2.31\pic\sources\c99\common\awmod.c"
 Parameters:    Size  Location     Type
  dividend        2   82[COMRAM] int 
  divisor         2   84[COMRAM] int 
 Auto vars:     Size  Location     Type
  sign            1    1[BANK0 ] unsigned char 
  counter         1    0[BANK0 ] unsigned char 
 Return value:  Size  Location     Type
                  2   82[COMRAM] int 
 Registers used:
		wreg, status,2, status,0
 Tracked objects:
		On entry : 
		On exit  : 
		Unchanged: 
 Data sizes:     COMRAM   BANK0   BANK1   BANK2   BANK3   BANK4   BANK5   BANK6   BANK7
      Params:         4       0       0       0       0       0       0       0       0
      Locals:         0       2       0       0       0       0       0       0       0
      Temps:          0       0       0       0       0       0       0       0       0
      Totals:         4       2       0       0       0       0       0       0       0
Total ram usage:        6 bytes
 Hardware stack levels used:    1
 Hardware stack levels required when called:    2
 This function calls:
		Nothing
 This function is called by:
		_appADC
 This function uses a non-reentrant model


 *************** function _appInit *****************
 Defined at:
		line 12 in file "app.c"
 Parameters:    Size  Location     Type
		None
 Auto vars:     Size  Location     Type
		None
 Return value:  Size  Location     Type
                  1    wreg      void 
 Registers used:
		wreg, fsr1l, fsr1h, status,2, status,0, tblptrl, tblptrh, tblptru, cstack
 Tracked objects:
		On entry : 
		On exit  : 
		Unchanged: 
 Data sizes:     COMRAM   BANK0   BANK1   BANK2   BANK3   BANK4   BANK5   BANK6   BANK7
      Params:         0       0       0       0       0       0       0       0       0
      Locals:         0       0       0       0       0       0       0       0       0
      Temps:          0       0       0       0       0       0       0       0       0
      Totals:         0       0       0       0       0       0       0       0       0
Total ram usage:        0 bytes
 Hardware stack levels used:    1
 Hardware stack levels required when called:    5
 This function calls:
		_adcInit
		_appCounterInit
		_appISRConfig
		_appLCD_Init
		_appTimerInit
		_appTimerStart
		_servoInit
		_uart_Init
 This function is called by:
		_main
 This function uses a non-reentrant model


 *************** function _uart_Init *****************
 Defined at:
		line 11 in file "UART.c"
 Parameters:    Size  Location     Type
  baud            4   17[COMRAM] unsigned long 
 Auto vars:     Size  Location     Type
		None
 Return value:  Size  Location     Type
                  1    wreg      void 
 Registers used:
		wreg, status,2, status,0, cstack
 Tracked objects:
		On entry : 
		On exit  : 
		Unchanged: 
 Data sizes:     COMRAM   BANK0   BANK1   BANK2   BANK3   BANK4   BANK5   BANK6   BANK7
      Params:         4       0       0       0       0       0       0       0       0
      Locals:         0       0       0       0       0       0       0       0       0
      Temps:          0       0       0       0       0       0       0       0       0
      Totals:         4       0       0       0       0       0       0       0       0
Total ram usage:        4 bytes
 Hardware stack levels used:    1
 Hardware stack levels required when called:    3
 This function calls:
		___lldiv
 This function is called by:
		_appInit
 This function uses a non-reentrant model


 *************** function ___lldiv *****************
 Defined at:
		line 7 in file "C:\Program Files\Microchip\xc8\v2.31\pic\sources\c99\common\__lldiv.c"
 Parameters:    Size  Location     Type
  dividend        4    4[COMRAM] unsigned long 
  divisor         4    8[COMRAM] unsigned long 
 Auto vars:     Size  Location     Type
  quotient        4   12[COMRAM] unsigned long 
  counter         1   16[COMRAM] unsigned char 
 Return value:  Size  Location     Type
                  4    4[COMRAM] unsigned long 
 Registers used:
		wreg, status,2, status,0
 Tracked objects:
		On entry : 
		On exit  : 
		Unchanged: 
 Data sizes:     COMRAM   BANK0   BANK1   BANK2   BANK3   BANK4   BANK5   BANK6   BANK7
      Params:         8       0       0       0       0       0       0       0       0
      Locals:         5       0       0       0       0       0       0       0       0
      Temps:          0       0       0       0       0       0       0       0       0
      Totals:        13       0       0       0       0       0       0       0       0
Total ram usage:       13 bytes
 Hardware stack levels used:    1
 Hardware stack levels required when called:    2
 This function calls:
		Nothing
 This function is called by:
		_uart_Init
 This function uses a non-reentrant model


 *************** function _servoInit *****************
 Defined at:
		line 3 in file "servo.c"
 Parameters:    Size  Location     Type
		None
 Auto vars:     Size  Location     Type
		None
 Return value:  Size  Location     Type
                  1    wreg      void 
 Registers used:
		wreg, status,2
 Tracked objects:
		On entry : 
		On exit  : 
		Unchanged: 
 Data sizes:     COMRAM   BANK0   BANK1   BANK2   BANK3   BANK4   BANK5   BANK6   BANK7
      Params:         0       0       0       0       0       0       0       0       0
      Locals:         0       0       0       0       0       0       0       0       0
      Temps:          0       0       0       0       0       0       0       0       0
      Totals:         0       0       0       0       0       0       0       0       0
Total ram usage:        0 bytes
 Hardware stack levels used:    1
 Hardware stack levels required when called:    2
 This function calls:
		Nothing
 This function is called by:
		_appInit
 This function uses a non-reentrant model


 *************** function _appTimerInit *****************
 Defined at:
		line 84 in file "servo.c"
 Parameters:    Size  Location     Type
		None
 Auto vars:     Size  Location     Type
		None
 Return value:  Size  Location     Type
                  1    wreg      void 
 Registers used:
		wreg, status,2
 Tracked objects:
		On entry : 
		On exit  : 
		Unchanged: 
 Data sizes:     COMRAM   BANK0   BANK1   BANK2   BANK3   BANK4   BANK5   BANK6   BANK7
      Params:         0       0       0       0       0       0       0       0       0
      Locals:         0       0       0       0       0       0       0       0       0
      Temps:          0       0       0       0       0       0       0       0       0
      Totals:         0       0       0       0       0       0       0       0       0
Total ram usage:        0 bytes
 Hardware stack levels used:    1
 Hardware stack levels required when called:    2
 This function calls:
		Nothing
 This function is called by:
		_appInit
 This function uses a non-reentrant model


 *************** function _appLCD_Init *****************
 Defined at:
		line 197 in file "flex_lcd.c"
 Parameters:    Size  Location     Type
		None
 Auto vars:     Size  Location     Type
		None
 Return value:  Size  Location     Type
                  1    wreg      void 
 Registers used:
		wreg, fsr1l, fsr1h, status,2, status,0, tblptrl, tblptrh, tblptru, cstack
 Tracked objects:
		On entry : 
		On exit  : 
		Unchanged: 
 Data sizes:     COMRAM   BANK0   BANK1   BANK2   BANK3   BANK4   BANK5   BANK6   BANK7
      Params:         0       0       0       0       0       0       0       0       0
      Locals:         0       0       0       0       0       0       0       0       0
      Temps:          2       0       0       0       0       0       0       0       0
      Totals:         2       0       0       0       0       0       0       0       0
Total ram usage:        2 bytes
 Hardware stack levels used:    1
 Hardware stack levels required when called:    4
 This function calls:
		_Lcd_Cmd
		_Lcd_Init
		_Lcd_Out
 This function is called by:
		_appInit
 This function uses a non-reentrant model


 *************** function _Lcd_Init *****************
 Defined at:
		line 31 in file "flex_lcd.c"
 Parameters:    Size  Location     Type
		None
 Auto vars:     Size  Location     Type
  i               1    8[COMRAM] unsigned char 
  data            1    0        unsigned char 
 Return value:  Size  Location     Type
                  1    wreg      void 
 Registers used:
		wreg, status,2, status,0, cstack
 Tracked objects:
		On entry : 
		On exit  : 
		Unchanged: 
 Data sizes:     COMRAM   BANK0   BANK1   BANK2   BANK3   BANK4   BANK5   BANK6   BANK7
      Params:         0       0       0       0       0       0       0       0       0
      Locals:         2       0       0       0       0       0       0       0       0
      Temps:          1       0       0       0       0       0       0       0       0
      Totals:         3       0       0       0       0       0       0       0       0
Total ram usage:        3 bytes
 Hardware stack levels used:    1
 Hardware stack levels required when called:    3
 This function calls:
		_Lcd_Cmd
 This function is called by:
		_appLCD_Init
 This function uses a non-reentrant model


 *************** function _appISRConfig *****************
 Defined at:
		line 25 in file "app.c"
 Parameters:    Size  Location     Type
		None
 Auto vars:     Size  Location     Type
		None
 Return value:  Size  Location     Type
                  1    wreg      void 
 Registers used:
		None
 Tracked objects:
		On entry : 
		On exit  : 
		Unchanged: 
 Data sizes:     COMRAM   BANK0   BANK1   BANK2   BANK3   BANK4   BANK5   BANK6   BANK7
      Params:         0       0       0       0       0       0       0       0       0
      Locals:         0       0       0       0       0       0       0       0       0
      Temps:          0       0       0       0       0       0       0       0       0
      Totals:         0       0       0       0       0       0       0       0       0
Total ram usage:        0 bytes
 Hardware stack levels used:    1
 Hardware stack levels required when called:    2
 This function calls:
[...]
 Hardware stack levels required when called:    2
 This function calls:
		Nothing
 This function is called by:
		_dtoa
 This function uses a non-reentrant model


 *************** function ___aodiv *****************
 Defined at:
		line 9 in file "C:\Program Files\Microchip\xc8\v2.31\pic\sources\c99\common\aodiv.c"
 Parameters:    Size  Location     Type
  dividend        8    4[COMRAM] long long 
  divisor         8   12[COMRAM] long long 
 Auto vars:     Size  Location     Type
  quotient        8   22[COMRAM] long long 
  sign            1   21[COMRAM] unsigned char 
  counter         1   20[COMRAM] unsigned char 
 Return value:  Size  Location     Type
                  8    4[COMRAM] long long 
 Registers used:
		wreg, fsr2l, fsr2h, status,2, status,0
 Tracked objects:
		On entry : 
		On exit  : 
		Unchanged: 
 Data sizes:     COMRAM   BANK0   BANK1   BANK2   BANK3   BANK4   BANK5   BANK6   BANK7
      Params:        16       0       0       0       0       0       0       0       0
      Locals:        10       0       0       0       0       0       0       0       0
      Temps:          0       0       0       0       0       0       0       0       0
      Totals:        26       0       0       0       0       0       0       0       0
Total ram usage:       26 bytes
 Hardware stack levels used:    1
 Hardware stack levels required when called:    2
 This function calls:
		Nothing
 This function is called by:
		_dtoa
 This function uses a non-reentrant model


 *************** function _atoi *****************
 Defined at:
		line 4 in file "C:\Program Files\Microchip\xc8\v2.31\pic\sources\c99\common\atoi.c"
 Parameters:    Size  Location     Type
  s               2   11[COMRAM] PTR const unsigned char 
		 -> STR_7(3), STR_5(5), STR_2(9), STR_1(14), 
 Auto vars:     Size  Location     Type
  n               2   24[COMRAM] int 
  neg             2   17[COMRAM] int 
 Return value:  Size  Location     Type
                  2   11[COMRAM] int 
 Registers used:
		wreg, status,2, status,0, tblptrl, tblptrh, tblptru, prodl, prodh, cstack
 Tracked objects:
		On entry : 
		On exit  : 
		Unchanged: 
 Data sizes:     COMRAM   BANK0   BANK1   BANK2   BANK3   BANK4   BANK5   BANK6   BANK7
      Params:         2       0       0       0       0       0       0       0       0
      Locals:         9       0       0       0       0       0       0       0       0
      Temps:          4       0       0       0       0       0       0       0       0
      Totals:        15       0       0       0       0       0       0       0       0
Total ram usage:       15 bytes
 Hardware stack levels used:    1
 Hardware stack levels required when called:    3
 This function calls:
		___wmul
		_isdigit
		_isspace
 This function is called by:
		_vfpfcnvrt
 This function uses a non-reentrant model


 *************** function _isspace *****************
 Defined at:
		line 5 in file "C:\Program Files\Microchip\xc8\v2.31\pic\sources\c99\common\isspace.c"
 Parameters:    Size  Location     Type
  c               2    4[COMRAM] int 
 Auto vars:     Size  Location     Type
		None
 Return value:  Size  Location     Type
                  2    4[COMRAM] int 
 Registers used:
		wreg, status,2, status,0
 Tracked objects:
		On entry : 
		On exit  : 
		Unchanged: 
 Data sizes:     COMRAM   BANK0   BANK1   BANK2   BANK3   BANK4   BANK5   BANK6   BANK7
      Params:         2       0       0       0       0       0       0       0       0
      Locals:         1       0       0       0       0       0       0       0       0
      Temps:          4       0       0       0       0       0       0       0       0
      Totals:         7       0       0       0       0       0       0       0       0
Total ram usage:        7 bytes
 Hardware stack levels used:    1
 Hardware stack levels required when called:    2
 This function calls:
		Nothing
 This function is called by:
		_atoi
 This function uses a non-reentrant model


 *************** function _isdigit *****************
 Defined at:
		line 5 in file "C:\Program Files\Microchip\xc8\v2.31\pic\sources\c99\common\isdigit.c"
 Parameters:    Size  Location     Type
  c               2    4[COMRAM] int 
 Auto vars:     Size  Location     Type
		None
 Return value:  Size  Location     Type
                  2    4[COMRAM] int 
 Registers used:
		wreg, status,2, status,0
 Tracked objects:
		On entry : 
		On exit  : 
		Unchanged: 
 Data sizes:     COMRAM   BANK0   BANK1   BANK2   BANK3   BANK4   BANK5   BANK6   BANK7
      Params:         2       0       0       0       0       0       0       0       0
      Locals:         0       0       0       0       0       0       0       0       0
      Temps:          4       0       0       0       0       0       0       0       0
      Totals:         6       0       0       0       0       0       0       0       0
Total ram usage:        6 bytes
 Hardware stack levels used:    1
 Hardware stack levels required when called:    2
 This function calls:
		Nothing
 This function is called by:
		_vfpfcnvrt
		_atoi
 This function uses a non-reentrant model


 *************** function ___wmul *****************
 Defined at:
		line 15 in file "C:\Program Files\Microchip\xc8\v2.31\pic\sources\c99\common\Umul16.c"
 Parameters:    Size  Location     Type
  multiplier      2    4[COMRAM] unsigned int 
  multiplicand    2    6[COMRAM] unsigned int 
 Auto vars:     Size  Location     Type
  product         2    8[COMRAM] unsigned int 
 Return value:  Size  Location     Type
                  2    4[COMRAM] unsigned int 
 Registers used:
		wreg, status,2, status,0, prodl, prodh
 Tracked objects:
		On entry : 
		On exit  : 
		Unchanged: 
 Data sizes:     COMRAM   BANK0   BANK1   BANK2   BANK3   BANK4   BANK5   BANK6   BANK7
      Params:         4       0       0       0       0       0       0       0       0
      Locals:         2       0       0       0       0       0       0       0       0
      Temps:          0       0       0       0       0       0       0       0       0
      Totals:         6       0       0       0       0       0       0       0       0
Total ram usage:        6 bytes
 Hardware stack levels used:    1
 Hardware stack levels required when called:    2
 This function calls:
		Nothing
 This function is called by:
		_appSubGetData
		_atoi
 This function uses a non-reentrant model


 *************** function _memset *****************
 Defined at:
		line 4 in file "C:\Program Files\Microchip\xc8\v2.31\pic\sources\c99\common\memset.c"
 Parameters:    Size  Location     Type
  dest            2    4[COMRAM] PTR void 
		 -> datos(25), 
  c               2    6[COMRAM] int 
  n               2    8[COMRAM] unsigned int 
 Auto vars:     Size  Location     Type
  s               2   14[COMRAM] PTR unsigned char 
		 -> datos(25), 
  k               2   12[COMRAM] unsigned int 
 Return value:  Size  Location     Type
                  2    4[COMRAM] PTR void 
 Registers used:
		wreg, fsr2l, fsr2h, status,2, status,0
 Tracked objects:
		On entry : 
		On exit  : 
		Unchanged: 
 Data sizes:     COMRAM   BANK0   BANK1   BANK2   BANK3   BANK4   BANK5   BANK6   BANK7
      Params:         6       0       0       0       0       0       0       0       0
      Locals:         4       0       0       0       0       0       0       0       0
      Temps:          2       0       0       0       0       0       0       0       0
      Totals:        12       0       0       0       0       0       0       0       0
Total ram usage:       12 bytes
 Hardware stack levels used:    1
 Hardware stack levels required when called:    2
 This function calls:
		Nothing
 This function is called by:
		_appADC
		_appBat
		_appSubGetData
 This function uses a non-reentrant model


 *************** function _Lcd_Out *****************
 Defined at:
		line 95 in file "flex_lcd.c"
 Parameters:    Size  Location     Type
  y               1    wreg     unsigned char 
  x               1    7[COMRAM] unsigned char 
  buffer          2    8[COMRAM] PTR const char 
		 -> STR_9(17), STR_8(12), STR_6(14), appElemts@dataout(6), 
		 -> STR_4(6), STR_3(12), datos.display(16), datos(25), 
 Auto vars:     Size  Location     Type
  y               1   12[COMRAM] unsigned char 
  data            1   13[COMRAM] unsigned char 
 Return value:  Size  Location     Type
                  1    wreg      void 
 Registers used:
		wreg, fsr1l, fsr1h, status,2, status,0, tblptrl, tblptrh, tblptru, cstack
 Tracked objects:
		On entry : 
		On exit  : 
		Unchanged: 
 Data sizes:     COMRAM   BANK0   BANK1   BANK2   BANK3   BANK4   BANK5   BANK6   BANK7
      Params:         3       0       0       0       0       0       0       0       0
      Locals:         2       0       0       0       0       0       0       0       0
      Temps:          2       0       0       0       0       0       0       0       0
      Totals:         7       0       0       0       0       0       0       0       0
Total ram usage:        7 bytes
 Hardware stack levels used:    1
 Hardware stack levels required when called:    3
 This function calls:
		_Lcd_Chr_CP
		_Lcd_Cmd
 This function is called by:
		_appADC
		_appBat
		_appLCD_Init
		_appElemts
		_appSubGetData
		_warning
 This function uses a non-reentrant model


 *************** function _Lcd_Cmd *****************
 Defined at:
		line 175 in file "flex_lcd.c"
 Parameters:    Size  Location     Type
  data            1    wreg     unsigned char 
 Auto vars:     Size  Location     Type
  data            1    6[COMRAM] unsigned char 
 Return value:  Size  Location     Type
                  1    wreg      void 
 Registers used:
		wreg, status,2, status,0
 Tracked objects:
		On entry : 
		On exit  : 
		Unchanged: 
 Data sizes:     COMRAM   BANK0   BANK1   BANK2   BANK3   BANK4   BANK5   BANK6   BANK7
      Params:         0       0       0       0       0       0       0       0       0
      Locals:         1       0       0       0       0       0       0       0       0
      Temps:          2       0       0       0       0       0       0       0       0
      Totals:         3       0       0       0       0       0       0       0       0
Total ram usage:        3 bytes
 Hardware stack levels used:    1
 Hardware stack levels required when called:    2
 This function calls:
		Nothing
 This function is called by:
		_Lcd_Init
		_Lcd_Out
		_appLCD_Init
		_appGetElements
		_warning
		_Lcd_Out2
 This function uses a non-reentrant model


 *************** function _Lcd_Chr_CP *****************
 Defined at:
		line 151 in file "flex_lcd.c"
 Parameters:    Size  Location     Type
  data            1    wreg     char 
 Auto vars:     Size  Location     Type
  data            1    6[COMRAM] char 
 Return value:  Size  Location     Type
                  1    wreg      void 
 Registers used:
		wreg, status,2, status,0
 Tracked objects:
		On entry : 
		On exit  : 
		Unchanged: 
 Data sizes:     COMRAM   BANK0   BANK1   BANK2   BANK3   BANK4   BANK5   BANK6   BANK7
      Params:         0       0       0       0       0       0       0       0       0
      Locals:         1       0       0       0       0       0       0       0       0
      Temps:          2       0       0       0       0       0       0       0       0
      Totals:         3       0       0       0       0       0       0       0       0
Total ram usage:        3 bytes
 Hardware stack levels used:    1
 Hardware stack levels required when called:    2
 This function calls:
		Nothing
 This function is called by:
		_Lcd_Out
		_Lcd_Out2
 This function uses a non-reentrant model


 *************** function _isrL *****************
 Defined at:
		line 29 in file "main.c"
 Parameters:    Size  Location     Type
		None
 Auto vars:     Size  Location     Type
		None
 Return value:  Size  Location     Type
                  1    wreg      void 
 Registers used:
		wreg, status,2, status,0
 Tracked objects:
		On entry : 
		On exit  : 
		Unchanged: 
 Data sizes:     COMRAM   BANK0   BANK1   BANK2   BANK3   BANK4   BANK5   BANK6   BANK7
      Params:         0       0       0       0       0       0       0       0       0
      Locals:         0       0       0       0       0       0       0       0       0
      Temps:          3       0       0       0       0       0       0       0       0
      Totals:         3       0       0       0       0       0       0       0       0
Total ram usage:        3 bytes
 Hardware stack levels used:    1
 Hardware stack levels required when called:    1
 This function calls:
		Nothing
 This function is called by:
		Interrupt level 1
 This function uses a non-reentrant model


 *************** function _isrH *****************
 Defined at:
		line 47 in file "main.c"
 Parameters:    Size  Location     Type
		None
 Auto vars:     Size  Location     Type
  read            1    0        unsigned char 
 Return value:  Size  Location     Type
                  1    wreg      void 
 Registers used:
		wreg, status,2, status,0
 Tracked objects:
		On entry : 
		On exit  : 
		Unchanged: 
 Data sizes:     COMRAM   BANK0   BANK1   BANK2   BANK3   BANK4   BANK5   BANK6   BANK7
      Params:         0       0       0       0       0       0       0       0       0
      Locals:         1       0       0       0       0       0       0       0       0
      Temps:          0       0       0       0       0       0       0       0       0
      Totals:         1       0       0       0       0       0       0       0       0
Total ram usage:        1 bytes
 Hardware stack levels used:    1
 This function calls:
		Nothing
 This function is called by:
		Interrupt level 2
 This function uses a non-reentrant model



MODULE INFORMATION

Module		Function		Class		Link	Load	Size
servo.c
		_setServo      		CODE           	3442	0000	42
		_appCounterInit		CODE           	34E6	0000	10
		_appCounterStop		CODE           	34F8	0000	4
		_servoInit     		CODE           	34AC	0000	24
		_setServoAngle 		CODE           	2606	0000	284
		_appElemts     		CODE           	3222	0000	70
		_appTimerInit  		CODE           	3414	0000	46
		_appTimerStop  		CODE           	34FC	0000	4
		_appCounterStart		CODE           	3500	0000	4
		_appTimerStart 		CODE           	34DA	0000	12

servo.c estimated size: 500

UART.c
		_uart_Init     		CODE           	304C	0000	88

UART.c estimated size: 88

C:\Program Files\Microchip\xc8\v2.31\pic\sources\c99\common\isdigit.c
		_isdigit       		CODE           	33A6	0000	56

C:\Program Files\Microchip\xc8\v2.31\pic\sources\c99\common\isdigit.c estimated size: 56

C:\Program Files\Microchip\xc8\v2.31\pic\sources\c99\common\putch.c
		_putch         		CODE           	3504	0000	2

C:\Program Files\Microchip\xc8\v2.31\pic\sources\c99\common\putch.c estimated size: 2

C:\Program Files\Microchip\xc8\v2.31\pic\sources\c99\common\nf_fputs.c
		_fputs         		CODE           	3268	0000	68

C:\Program Files\Microchip\xc8\v2.31\pic\sources\c99\common\nf_fputs.c estimated size: 68

C:\Program Files\Microchip\xc8\v2.31\pic\sources\c99\common\xxtofl.c
		___xxtofl      		CODE           	1A3C	0000	436

C:\Program Files\Microchip\xc8\v2.31\pic\sources\c99\common\xxtofl.c estimated size: 436

C:\Program Files\Microchip\xc8\v2.31\pic\sources\c99\common\aomod.c
		___aomod       		CODE           	222A	0000	356

C:\Program Files\Microchip\xc8\v2.31\pic\sources\c99\common\aomod.c estimated size: 356

teclado.c
		_teclado       		CODE           	166A	0000	490

teclado.c estimated size: 490

C:\Program Files\Microchip\xc8\v2.31\pic\sources\c99\common\atoi.c
		_atoi          		CODE           	1D9C	0000	400

C:\Program Files\Microchip\xc8\v2.31\pic\sources\c99\common\atoi.c estimated size: 400

C:\Program Files\Microchip\xc8\v2.31\pic\sources\c99\common\abs.c
		_abs           		CODE           	32EE	0000	64

C:\Program Files\Microchip\xc8\v2.31\pic\sources\c99\common\abs.c estimated size: 64

C:\Program Files\Microchip\xc8\v2.31\pic\sources\c99\common\strlen.c
		_strlen        		CODE           	33DE	0000	54

C:\Program Files\Microchip\xc8\v2.31\pic\sources\c99\common\strlen.c estimated size: 54

C:\Program Files\Microchip\xc8\v2.31\pic\sources\c99\common\memset.c
		_memset        		CODE           	20B4	0000	374

C:\Program Files\Microchip\xc8\v2.31\pic\sources\c99\common\memset.c estimated size: 374

C:\Program Files\Microchip\xc8\v2.31\pic\sources\c99\common\awmod.c
		___awmod       		CODE           	2C3E	0000	178

C:\Program Files\Microchip\xc8\v2.31\pic\sources\c99\common\awmod.c estimated size: 178

adc.c
		_adcGetValue   		CODE           	332E	0000	60
		_appBat        		CODE           	1854	0000	488
		_adcInit       		CODE           	3148	0000	74
		_appADC        		CODE           	1BF0	0000	428

adc.c estimated size: 1050

flex_lcd.c
		_Lcd_Init      		CODE           	2B7E	0000	192
		_Lcd_Out       		CODE           	2926	0000	204
		_appLCD_Init   		CODE           	2E26	0000	132
		_Lcd_Chr_CP    		CODE           	238E	0000	334
		_Lcd_Cmd       		CODE           	24DC	0000	298

flex_lcd.c estimated size: 1160

C:\Program Files\Microchip\xc8\v2.31\pic\sources\c99\common\aodiv.c
		___aodiv       		CODE           	1F2C	0000	392

C:\Program Files\Microchip\xc8\v2.31\pic\sources\c99\common\aodiv.c estimated size: 392

C:\Program Files\Microchip\xc8\v2.31\pic\sources\c99\common\nf_fputc.c
		_fputc         		CODE           	29F2	0000	202

C:\Program Files\Microchip\xc8\v2.31\pic\sources\c99\common\nf_fputc.c estimated size: 202

shared
		__initialization		CODE           	32AC	0000	52

shared estimated size: 52

app.c
		_appStateInitial		CODE           	3192	0000	72
		_appISRConfig  		CODE           	34F0	0000	8
		_appSubGetData 		CODE           	2828	0000	254
		_appSubGiveElemts		CODE           	34C4	0000	22
		_appInit       		CODE           	336A	0000	60
		_appGetElements		CODE           	2F1C	0000	112
		_warning       		CODE           	31DA	0000	72
		_appStateRecolectData		CODE           	2D94	0000	146

app.c estimated size: 746

C:\Program Files\Microchip\xc8\v2.31\pic\sources\c99\common\sprcmul.c
		___flmul       		CODE           	085C	0000	1066

C:\Program Files\Microchip\xc8\v2.31\pic\sources\c99\common\sprcmul.c estimated size: 1066

C:\Program Files\Microchip\xc8\v2.31\pic\sources\c99\common\doprnt.c
		_vfpfcnvrt     		CODE           	1020	0000	876
		_pad           		CODE           	2ABC	0000	194
		_dtoa          		CODE           	138C	0000	734
		_vfprintf      		CODE           	2F8C	0000	98

C:\Program Files\Microchip\xc8\v2.31\pic\sources\c99\common\doprnt.c estimated size: 1902

C:\Program Files\Microchip\xc8\v2.31\pic\sources\c99\common\sprcdiv.c
		___fldiv       		CODE           	0C86	0000	922

C:\Program Files\Microchip\xc8\v2.31\pic\sources\c99\common\sprcdiv.c estimated size: 922

C:\Program Files\Microchip\xc8\v2.31\pic\sources\c99\common\fltol.c
		___fltol       		CODE           	2722	0000	262

C:\Program Files\Microchip\xc8\v2.31\pic\sources\c99\common\fltol.c estimated size: 262

C:\Program Files\Microchip\xc8\v2.31\pic\sources\c99\common\nf_sprintf.c
		_sprintf       		CODE           	30A4	0000	82

C:\Program Files\Microchip\xc8\v2.31\pic\sources\c99\common\nf_sprintf.c estimated size: 82

C:\Program Files\Microchip\xc8\v2.31\pic\sources\c99\common\isspace.c
		_isspace       		CODE           	30F6	0000	82

C:\Program Files\Microchip\xc8\v2.31\pic\sources\c99\common\isspace.c estimated size: 82

C:\Program Files\Microchip\xc8\v2.31\pic\sources\c99\common\Umul16.c
		___wmul        		CODE           	346C	0000	38

C:\Program Files\Microchip\xc8\v2.31\pic\sources\c99\common\Umul16.c estimated size: 38

main.c
		_isrL          		CODE           	0018	0000	164
		_main          		CODE           	2EAA	0000	114
		_isrH          		CODE           	0008	0000	100

main.c estimated size: 378

C:\Program Files\Microchip\xc8\v2.31\pic\sources\c99\common\__lldiv.c
		___lldiv       		CODE           	2CF0	0000	164

C:\Program Files\Microchip\xc8\v2.31\pic\sources\c99\common\__lldiv.c estimated size: 164

